Archive member included to satisfy reference by file (symbol)

c:/st/stm32cubeide_1.2.0/stm32cubeide/plugins/com.st.stm32cube.ide.mcu.externaltools.gnu-tools-for-stm32.7-2018-q2-update.win32_1.0.0.201904181610/tools/bin/../lib/gcc/arm-none-eabi/7.3.1/../../../../arm-none-eabi/lib/thumb/v7e-m/fpv4-sp/hard\libc_nano.a(lib_a-errno.o)
                              Core/Src/syscalls.o (__errno)
c:/st/stm32cubeide_1.2.0/stm32cubeide/plugins/com.st.stm32cube.ide.mcu.externaltools.gnu-tools-for-stm32.7-2018-q2-update.win32_1.0.0.201904181610/tools/bin/../lib/gcc/arm-none-eabi/7.3.1/../../../../arm-none-eabi/lib/thumb/v7e-m/fpv4-sp/hard\libc_nano.a(lib_a-exit.o)
                              c:/st/stm32cubeide_1.2.0/stm32cubeide/plugins/com.st.stm32cube.ide.mcu.externaltools.gnu-tools-for-stm32.7-2018-q2-update.win32_1.0.0.201904181610/tools/bin/../lib/gcc/arm-none-eabi/7.3.1/../../../../arm-none-eabi/lib/thumb/v7e-m/fpv4-sp/hard/crt0.o (exit)
c:/st/stm32cubeide_1.2.0/stm32cubeide/plugins/com.st.stm32cube.ide.mcu.externaltools.gnu-tools-for-stm32.7-2018-q2-update.win32_1.0.0.201904181610/tools/bin/../lib/gcc/arm-none-eabi/7.3.1/../../../../arm-none-eabi/lib/thumb/v7e-m/fpv4-sp/hard\libc_nano.a(lib_a-impure.o)
                              c:/st/stm32cubeide_1.2.0/stm32cubeide/plugins/com.st.stm32cube.ide.mcu.externaltools.gnu-tools-for-stm32.7-2018-q2-update.win32_1.0.0.201904181610/tools/bin/../lib/gcc/arm-none-eabi/7.3.1/../../../../arm-none-eabi/lib/thumb/v7e-m/fpv4-sp/hard\libc_nano.a(lib_a-exit.o) (_global_impure_ptr)
c:/st/stm32cubeide_1.2.0/stm32cubeide/plugins/com.st.stm32cube.ide.mcu.externaltools.gnu-tools-for-stm32.7-2018-q2-update.win32_1.0.0.201904181610/tools/bin/../lib/gcc/arm-none-eabi/7.3.1/../../../../arm-none-eabi/lib/thumb/v7e-m/fpv4-sp/hard\libc_nano.a(lib_a-init.o)
                              c:/st/stm32cubeide_1.2.0/stm32cubeide/plugins/com.st.stm32cube.ide.mcu.externaltools.gnu-tools-for-stm32.7-2018-q2-update.win32_1.0.0.201904181610/tools/bin/../lib/gcc/arm-none-eabi/7.3.1/../../../../arm-none-eabi/lib/thumb/v7e-m/fpv4-sp/hard/crt0.o (__libc_init_array)
c:/st/stm32cubeide_1.2.0/stm32cubeide/plugins/com.st.stm32cube.ide.mcu.externaltools.gnu-tools-for-stm32.7-2018-q2-update.win32_1.0.0.201904181610/tools/bin/../lib/gcc/arm-none-eabi/7.3.1/../../../../arm-none-eabi/lib/thumb/v7e-m/fpv4-sp/hard\libc_nano.a(lib_a-memset.o)
                              c:/st/stm32cubeide_1.2.0/stm32cubeide/plugins/com.st.stm32cube.ide.mcu.externaltools.gnu-tools-for-stm32.7-2018-q2-update.win32_1.0.0.201904181610/tools/bin/../lib/gcc/arm-none-eabi/7.3.1/../../../../arm-none-eabi/lib/thumb/v7e-m/fpv4-sp/hard/crt0.o (memset)
c:/st/stm32cubeide_1.2.0/stm32cubeide/plugins/com.st.stm32cube.ide.mcu.externaltools.gnu-tools-for-stm32.7-2018-q2-update.win32_1.0.0.201904181610/tools/bin/../lib/gcc/arm-none-eabi/7.3.1/thumb/v7e-m/fpv4-sp/hard\libgcc.a(_aeabi_uldivmod.o)
                              Drivers/STM32F7xx_HAL_Driver/Src/stm32f7xx_hal_rcc.o (__aeabi_uldivmod)
c:/st/stm32cubeide_1.2.0/stm32cubeide/plugins/com.st.stm32cube.ide.mcu.externaltools.gnu-tools-for-stm32.7-2018-q2-update.win32_1.0.0.201904181610/tools/bin/../lib/gcc/arm-none-eabi/7.3.1/thumb/v7e-m/fpv4-sp/hard\libgcc.a(_udivmoddi4.o)
                              c:/st/stm32cubeide_1.2.0/stm32cubeide/plugins/com.st.stm32cube.ide.mcu.externaltools.gnu-tools-for-stm32.7-2018-q2-update.win32_1.0.0.201904181610/tools/bin/../lib/gcc/arm-none-eabi/7.3.1/thumb/v7e-m/fpv4-sp/hard\libgcc.a(_aeabi_uldivmod.o) (__udivmoddi4)
c:/st/stm32cubeide_1.2.0/stm32cubeide/plugins/com.st.stm32cube.ide.mcu.externaltools.gnu-tools-for-stm32.7-2018-q2-update.win32_1.0.0.201904181610/tools/bin/../lib/gcc/arm-none-eabi/7.3.1/thumb/v7e-m/fpv4-sp/hard\libgcc.a(_dvmd_tls.o)
                              c:/st/stm32cubeide_1.2.0/stm32cubeide/plugins/com.st.stm32cube.ide.mcu.externaltools.gnu-tools-for-stm32.7-2018-q2-update.win32_1.0.0.201904181610/tools/bin/../lib/gcc/arm-none-eabi/7.3.1/thumb/v7e-m/fpv4-sp/hard\libgcc.a(_aeabi_uldivmod.o) (__aeabi_ldiv0)

Allocating common symbols
Common symbol       size              file

retSD               0x1               FATFS/App/fatfs.o
p                   0x2               Core/Src/main.o
j                   0x4               Core/Src/main.o
hdma_memtomem_dma2_stream0
                    0x60              Core/Src/main.o
n                   0x4               Core/Src/main.o
o                   0x4               Core/Src/main.o
hsd1                0x84              Core/Src/main.o
command             0x10              Core/Src/main.o
k                   0x1               Core/Src/main.o
uwTick              0x4               Drivers/STM32F7xx_HAL_Driver/Src/stm32f7xx_hal.o
pFlash              0x1c              Drivers/STM32F7xx_HAL_Driver/Src/stm32f7xx_hal_flash.o
hdma_memtomem_dma2_stream1
                    0x60              Core/Src/main.o
i                   0x4               Core/Src/main.o
[...]
Memory Configuration

Name             Origin             Length             Attributes
RAM              0x0000000020000000 0x0000000000050000 xrw
FLASH            0x0000000008000000 0x0000000000100000 xr
*default*        0x0000000000000000 0xffffffffffffffff

Linker script and memory map

LOAD c:/st/stm32cubeide_1.2.0/stm32cubeide/plugins/com.st.stm32cube.ide.mcu.externaltools.gnu-tools-for-stm32.7-2018-q2-update.win32_1.0.0.201904181610/tools/bin/../lib/gcc/arm-none-eabi/7.3.1/thumb/v7e-m/fpv4-sp/hard/crti.o
LOAD c:/st/stm32cubeide_1.2.0/stm32cubeide/plugins/com.st.stm32cube.ide.mcu.externaltools.gnu-tools-for-stm32.7-2018-q2-update.win32_1.0.0.201904181610/tools/bin/../lib/gcc/arm-none-eabi/7.3.1/thumb/v7e-m/fpv4-sp/hard/crtbegin.o
LOAD c:/st/stm32cubeide_1.2.0/stm32cubeide/plugins/com.st.stm32cube.ide.mcu.externaltools.gnu-tools-for-stm32.7-2018-q2-update.win32_1.0.0.201904181610/tools/bin/../lib/gcc/arm-none-eabi/7.3.1/../../../../arm-none-eabi/lib/thumb/v7e-m/fpv4-sp/hard/crt0.o
LOAD Core/Src/main.o
LOAD Core/Src/stm32f7xx_hal_msp.o
LOAD Core/Src/stm32f7xx_it.o
LOAD Core/Src/syscalls.o
LOAD Core/Src/sysmem.o
LOAD Core/Src/system_stm32f7xx.o
LOAD Core/Startup/startup_stm32f746nghx.o
LOAD Drivers/STM32F7xx_HAL_Driver/Src/stm32f7xx_hal.o
LOAD Drivers/STM32F7xx_HAL_Driver/Src/stm32f7xx_hal_cortex.o
LOAD Drivers/STM32F7xx_HAL_Driver/Src/stm32f7xx_hal_dma.o
LOAD Drivers/STM32F7xx_HAL_Driver/Src/stm32f7xx_hal_dma_ex.o
LOAD Drivers/STM32F7xx_HAL_Driver/Src/stm32f7xx_hal_exti.o
LOAD Drivers/STM32F7xx_HAL_Driver/Src/stm32f7xx_hal_flash.o
LOAD Drivers/STM32F7xx_HAL_Driver/Src/stm32f7xx_hal_flash_ex.o
LOAD Drivers/STM32F7xx_HAL_Driver/Src/stm32f7xx_hal_gpio.o
LOAD Drivers/STM32F7xx_HAL_Driver/Src/stm32f7xx_hal_i2c.o
LOAD Drivers/STM32F7xx_HAL_Driver/Src/stm32f7xx_hal_i2c_ex.o
LOAD Drivers/STM32F7xx_HAL_Driver/Src/stm32f7xx_hal_pwr.o
LOAD Drivers/STM32F7xx_HAL_Driver/Src/stm32f7xx_hal_pwr_ex.o
LOAD Drivers/STM32F7xx_HAL_Driver/Src/stm32f7xx_hal_rcc.o
LOAD Drivers/STM32F7xx_HAL_Driver/Src/stm32f7xx_hal_rcc_ex.o
LOAD Drivers/STM32F7xx_HAL_Driver/Src/stm32f7xx_hal_sd.o
LOAD Drivers/STM32F7xx_HAL_Driver/Src/stm32f7xx_hal_sdram.o
LOAD Drivers/STM32F7xx_HAL_Driver/Src/stm32f7xx_hal_tim.o
LOAD Drivers/STM32F7xx_HAL_Driver/Src/stm32f7xx_hal_tim_ex.o
LOAD Drivers/STM32F7xx_HAL_Driver/Src/stm32f7xx_ll_fmc.o
LOAD Drivers/STM32F7xx_HAL_Driver/Src/stm32f7xx_ll_sdmmc.o
LOAD FATFS/App/fatfs.o
LOAD FATFS/Target/bsp_driver_sd.o
LOAD FATFS/Target/fatfs_platform.o
LOAD FATFS/Target/sd_diskio.o
LOAD Middlewares/Third_Party/FatFs/src/diskio.o
LOAD Middlewares/Third_Party/FatFs/src/ff.o
LOAD Middlewares/Third_Party/FatFs/src/ff_gen_drv.o
LOAD Middlewares/Third_Party/FatFs/src/option/syscall.o
START GROUP
LOAD c:/st/stm32cubeide_1.2.0/stm32cubeide/plugins/com.st.stm32cube.ide.mcu.externaltools.gnu-tools-for-stm32.7-2018-q2-update.win32_1.0.0.201904181610/tools/bin/../lib/gcc/arm-none-eabi/7.3.1/../../../../arm-none-eabi/lib/thumb/v7e-m/fpv4-sp/hard\libc_nano.a
LOAD c:/st/stm32cubeide_1.2.0/stm32cubeide/plugins/com.st.stm32cube.ide.mcu.externaltools.gnu-tools-for-stm32.7-2018-q2-update.win32_1.0.0.201904181610/tools/bin/../lib/gcc/arm-none-eabi/7.3.1/../../../../arm-none-eabi/lib/thumb/v7e-m/fpv4-sp/hard\libm.a
END GROUP
START GROUP
LOAD c:/st/stm32cubeide_1.2.0/stm32cubeide/plugins/com.st.stm32cube.ide.mcu.externaltools.gnu-tools-for-stm32.7-2018-q2-update.win32_1.0.0.201904181610/tools/bin/../lib/gcc/arm-none-eabi/7.3.1/thumb/v7e-m/fpv4-sp/hard\libgcc.a
LOAD c:/st/stm32cubeide_1.2.0/stm32cubeide/plugins/com.st.stm32cube.ide.mcu.externaltools.gnu-tools-for-stm32.7-2018-q2-update.win32_1.0.0.201904181610/tools/bin/../lib/gcc/arm-none-eabi/7.3.1/../../../../arm-none-eabi/lib/thumb/v7e-m/fpv4-sp/hard\libc_nano.a
END GROUP
START GROUP
LOAD c:/st/stm32cubeide_1.2.0/stm32cubeide/plugins/com.st.stm32cube.ide.mcu.externaltools.gnu-tools-for-stm32.7-2018-q2-update.win32_1.0.0.201904181610/tools/bin/../lib/gcc/arm-none-eabi/7.3.1/thumb/v7e-m/fpv4-sp/hard\libgcc.a
LOAD c:/st/stm32cubeide_1.2.0/stm32cubeide/plugins/com.st.stm32cube.ide.mcu.externaltools.gnu-tools-for-stm32.7-2018-q2-update.win32_1.0.0.201904181610/tools/bin/../lib/gcc/arm-none-eabi/7.3.1/../../../../arm-none-eabi/lib/thumb/v7e-m/fpv4-sp/hard\libc_nano.a
LOAD c:/st/stm32cubeide_1.2.0/stm32cubeide/plugins/com.st.stm32cube.ide.mcu.externaltools.gnu-tools-for-stm32.7-2018-q2-update.win32_1.0.0.201904181610/tools/bin/../lib/gcc/arm-none-eabi/7.3.1/../../../../arm-none-eabi/lib/thumb/v7e-m/fpv4-sp/hard\libnosys.a
END GROUP
START GROUP
LOAD c:/st/stm32cubeide_1.2.0/stm32cubeide/plugins/com.st.stm32cube.ide.mcu.externaltools.gnu-tools-for-stm32.7-2018-q2-update.win32_1.0.0.201904181610/tools/bin/../lib/gcc/arm-none-eabi/7.3.1/thumb/v7e-m/fpv4-sp/hard\libgcc.a
LOAD c:/st/stm32cubeide_1.2.0/stm32cubeide/plugins/com.st.stm32cube.ide.mcu.externaltools.gnu-tools-for-stm32.7-2018-q2-update.win32_1.0.0.201904181610/tools/bin/../lib/gcc/arm-none-eabi/7.3.1/../../../../arm-none-eabi/lib/thumb/v7e-m/fpv4-sp/hard\libc_nano.a
LOAD c:/st/stm32cubeide_1.2.0/stm32cubeide/plugins/com.st.stm32cube.ide.mcu.externaltools.gnu-tools-for-stm32.7-2018-q2-update.win32_1.0.0.201904181610/tools/bin/../lib/gcc/arm-none-eabi/7.3.1/../../../../arm-none-eabi/lib/thumb/v7e-m/fpv4-sp/hard\libnosys.a
END GROUP
LOAD c:/st/stm32cubeide_1.2.0/stm32cubeide/plugins/com.st.stm32cube.ide.mcu.externaltools.gnu-tools-for-stm32.7-2018-q2-update.win32_1.0.0.201904181610/tools/bin/../lib/gcc/arm-none-eabi/7.3.1/thumb/v7e-m/fpv4-sp/hard/crtend.o
LOAD c:/st/stm32cubeide_1.2.0/stm32cubeide/plugins/com.st.stm32cube.ide.mcu.externaltools.gnu-tools-for-stm32.7-2018-q2-update.win32_1.0.0.201904181610/tools/bin/../lib/gcc/arm-none-eabi/7.3.1/thumb/v7e-m/fpv4-sp/hard/crtn.o
                0x0000000020050000                _estack = (ORIGIN (RAM) + LENGTH (RAM))
                0x0000000000004000                _Min_Heap_Size = 0x4000
                0x0000000000008000                _Min_Stack_Size = 0x8000

.isr_vector     0x0000000008000000      0x1c8
                0x0000000008000000                . = ALIGN (0x4)
 *(.isr_vector)
 .isr_vector    0x0000000008000000      0x1c8 Core/Startup/startup_stm32f746nghx.o
                0x0000000008000000                g_pfnVectors
                0x00000000080001c8                . = ALIGN (0x4)

.text           0x00000000080001c8     0x7be0
                0x00000000080001c8                . = ALIGN (0x4)
 *(.text)
 .text          0x00000000080001c8       0x40 c:/st/stm32cubeide_1.2.0/stm32cubeide/plugins/com.st.stm32cube.ide.mcu.externaltools.gnu-tools-for-stm32.7-2018-q2-update.win32_1.0.0.201904181610/tools/bin/../lib/gcc/arm-none-eabi/7.3.1/thumb/v7e-m/fpv4-sp/hard/crtbegin.o
 .text          0x0000000008000208       0x30 c:/st/stm32cubeide_1.2.0/stm32cubeide/plugins/com.st.stm32cube.ide.mcu.externaltools.gnu-tools-for-stm32.7-2018-q2-update.win32_1.0.0.201904181610/tools/bin/../lib/gcc/arm-none-eabi/7.3.1/thumb/v7e-m/fpv4-sp/hard\libgcc.a(_aeabi_uldivmod.o)
                0x0000000008000208                __aeabi_uldivmod
 .text          0x0000000008000238      0x2cc c:/st/stm32cubeide_1.2.0/stm32cubeide/plugins/com.st.stm32cube.ide.mcu.externaltools.gnu-tools-for-stm32.7-2018-q2-update.win32_1.0.0.201904181610/tools/bin/../lib/gcc/arm-none-eabi/7.3.1/thumb/v7e-m/fpv4-sp/hard\libgcc.a(_udivmoddi4.o)
                0x0000000008000238                __udivmoddi4
 .text          0x0000000008000504        0x4 c:/st/stm32cubeide_1.2.0/stm32cubeide/plugins/com.st.stm32cube.ide.mcu.externaltools.gnu-tools-for-stm32.7-2018-q2-update.win32_1.0.0.201904181610/tools/bin/../lib/gcc/arm-none-eabi/7.3.1/thumb/v7e-m/fpv4-sp/hard\libgcc.a(_dvmd_tls.o)
                0x0000000008000504                __aeabi_idiv0
                0x0000000008000504                __aeabi_ldiv0
 *(.text*)
 .text.SCB_EnableICache
                0x0000000008000508       0x40 Core/Src/main.o
 .text.SCB_EnableDCache
                0x0000000008000548       0x80 Core/Src/main.o
 .text.main     0x00000000080005c8      0x1d4 Core/Src/main.o
                0x00000000080005c8                main
 .text.SystemClock_Config
                0x000000000800079c      0x12c Core/Src/main.o
                0x000000000800079c                SystemClock_Config
 .text.MX_SDMMC1_SD_Init
                0x00000000080008c8       0x40 Core/Src/main.o
 .text.MX_DMA_Init
                0x0000000008000908      0x120 Core/Src/main.o
 .text.MX_FMC_Init
                0x0000000008000a28       0xa4 Core/Src/main.o
 .text.BSP_SDRAM_Initialization_Sequence
                0x0000000008000acc       0xc4 Core/Src/main.o
 .text.MX_GPIO_Init
                0x0000000008000b90      0x818 Core/Src/main.o
 .text.MPU_Config
                0x00000000080013a8       0x4e Core/Src/main.o
 .text.Error_Handler
                0x00000000080013f6        0xe Core/Src/main.o
                0x00000000080013f6                Error_Handler
 .text.HAL_MspInit
                0x0000000008001404       0x48 Core/Src/stm32f7xx_hal_msp.o
                0x0000000008001404                HAL_MspInit
 .text.HAL_SD_MspInit
                0x000000000800144c      0x1c4 Core/Src/stm32f7xx_hal_msp.o
                0x000000000800144c                HAL_SD_MspInit
 .text.HAL_FMC_MspInit
                0x0000000008001610      0x130 Core/Src/stm32f7xx_hal_msp.o
 .text.HAL_SDRAM_MspInit
                0x0000000008001740       0x14 Core/Src/stm32f7xx_hal_msp.o
                0x0000000008001740                HAL_SDRAM_MspInit
 .text.NMI_Handler
                0x0000000008001754        0xe Core/Src/stm32f7xx_it.o
                0x0000000008001754                NMI_Handler
 .text.HardFault_Handler
                0x0000000008001762        0x6 Core/Src/stm32f7xx_it.o
                0x0000000008001762                HardFault_Handler
 .text.MemManage_Handler
                0x0000000008001768        0x6 Core/Src/stm32f7xx_it.o
                0x0000000008001768                MemManage_Handler
 .text.BusFault_Handler
                0x000000000800176e        0x6 Core/Src/stm32f7xx_it.o
                0x000000000800176e                BusFault_Handler
 .text.UsageFault_Handler
                0x0000000008001774        0x6 Core/Src/stm32f7xx_it.o
                0x0000000008001774                UsageFault_Handler
 .text.SVC_Handler
                0x000000000800177a        0xe Core/Src/stm32f7xx_it.o
                0x000000000800177a                SVC_Handler
 .text.DebugMon_Handler
                0x0000000008001788        0xe Core/Src/stm32f7xx_it.o
                0x0000000008001788                DebugMon_Handler
 .text.PendSV_Handler
                0x0000000008001796        0xe Core/Src/stm32f7xx_it.o
                0x0000000008001796                PendSV_Handler
 .text.SysTick_Handler
                0x00000000080017a4        0xc Core/Src/stm32f7xx_it.o
                0x00000000080017a4                SysTick_Handler
 .text.FMC_IRQHandler
                0x00000000080017b0       0x14 Core/Src/stm32f7xx_it.o
                0x00000000080017b0                FMC_IRQHandler
 .text.DMA2_Stream3_IRQHandler
                0x00000000080017c4       0x14 Core/Src/stm32f7xx_it.o
                0x00000000080017c4                DMA2_Stream3_IRQHandler
 .text.DMA2_Stream6_IRQHandler
                0x00000000080017d8       0x14 Core/Src/stm32f7xx_it.o
                0x00000000080017d8                DMA2_Stream6_IRQHandler
 .text.SystemInit
                0x00000000080017ec       0x6c Core/Src/system_stm32f7xx.o
                0x00000000080017ec                SystemInit
 .text.Reset_Handler
                0x0000000008001858       0x50 Core/Startup/startup_stm32f746nghx.o
                0x0000000008001858                Reset_Handler
 .text.Default_Handler
                0x00000000080018a8        0x2 Core/Startup/startup_stm32f746nghx.o
                0x00000000080018a8                RTC_Alarm_IRQHandler
                0x00000000080018a8                EXTI2_IRQHandler
                0x00000000080018a8                TIM8_CC_IRQHandler
                0x00000000080018a8                UART8_IRQHandler
                0x00000000080018a8                SPI4_IRQHandler
                0x00000000080018a8                TIM1_CC_IRQHandler
                0x00000000080018a8                DMA2_Stream5_IRQHandler
                0x00000000080018a8                DMA1_Stream5_IRQHandler
                0x00000000080018a8                PVD_IRQHandler
                0x00000000080018a8                TAMP_STAMP_IRQHandler
                0x00000000080018a8                CAN2_RX1_IRQHandler
                0x00000000080018a8                EXTI3_IRQHandler
                0x00000000080018a8                TIM8_TRG_COM_TIM14_IRQHandler
                0x00000000080018a8                TIM1_UP_TIM10_IRQHandler
                0x00000000080018a8                TIM8_UP_TIM13_IRQHandler
                0x00000000080018a8                I2C3_ER_IRQHandler
                0x00000000080018a8                EXTI0_IRQHandler
                0x00000000080018a8                I2C2_EV_IRQHandler
                0x00000000080018a8                DMA1_Stream2_IRQHandler
                0x00000000080018a8                CAN1_RX0_IRQHandler
                0x00000000080018a8                FPU_IRQHandler
                0x00000000080018a8                OTG_HS_WKUP_IRQHandler
                0x00000000080018a8                LTDC_ER_IRQHandler
                0x00000000080018a8                CAN2_SCE_IRQHandler
                0x00000000080018a8                DMA2_Stream2_IRQHandler
                0x00000000080018a8                SPI1_IRQHandler
                0x00000000080018a8                TIM6_DAC_IRQHandler
                0x00000000080018a8                TIM1_BRK_TIM9_IRQHandler
                0x00000000080018a8                DCMI_IRQHandler
                0x00000000080018a8                CAN2_RX0_IRQHandler
                0x00000000080018a8                SAI2_IRQHandler
                0x00000000080018a8                USART6_IRQHandler
                0x00000000080018a8                USART3_IRQHandler
                0x00000000080018a8                CAN1_RX1_IRQHandler
                0x00000000080018a8                UART5_IRQHandler
                0x00000000080018a8                DMA2_Stream0_IRQHandler
                0x00000000080018a8                TIM4_IRQHandler
                0x00000000080018a8                QUADSPI_IRQHandler
                0x00000000080018a8                I2C1_EV_IRQHandler
                0x00000000080018a8                DMA1_Stream6_IRQHandler
                0x00000000080018a8                DMA1_Stream1_IRQHandler
                0x00000000080018a8                UART4_IRQHandler
                0x00000000080018a8                TIM3_IRQHandler
                0x00000000080018a8                RCC_IRQHandler
                0x00000000080018a8                TIM8_BRK_TIM12_IRQHandler
                0x00000000080018a8                Default_Handler
                0x00000000080018a8                CEC_IRQHandler
                0x00000000080018a8                EXTI15_10_IRQHandler
                0x00000000080018a8                ADC_IRQHandler
                0x00000000080018a8                DMA1_Stream7_IRQHandler
                0x00000000080018a8                SPI5_IRQHandler
                0x00000000080018a8                TIM7_IRQHandler
                0x00000000080018a8                SDMMC1_IRQHandler
                0x00000000080018a8                CAN2_TX_IRQHandler
                0x00000000080018a8                TIM5_IRQHandler
                0x00000000080018a8                DMA2_Stream7_IRQHandler
                0x00000000080018a8                I2C3_EV_IRQHandler
                0x00000000080018a8                EXTI9_5_IRQHandler
                0x00000000080018a8                RTC_WKUP_IRQHandler
                0x00000000080018a8                LTDC_IRQHandler
                0x00000000080018a8                ETH_WKUP_IRQHandler
                0x00000000080018a8                SPDIF_RX_IRQHandler
                0x00000000080018a8                SPI2_IRQHandler
                0x00000000080018a8                OTG_HS_EP1_IN_IRQHandler
                0x00000000080018a8                DMA1_Stream0_IRQHandler
                0x00000000080018a8                CAN1_TX_IRQHandler
                0x00000000080018a8                EXTI4_IRQHandler
                0x00000000080018a8                RNG_IRQHandler
                0x00000000080018a8                ETH_IRQHandler
                0x00000000080018a8                OTG_HS_EP1_OUT_IRQHandler
                0x00000000080018a8                WWDG_IRQHandler
                0x00000000080018a8                SPI6_IRQHandler
                0x00000000080018a8                I2C4_EV_IRQHandler
                0x00000000080018a8                TIM2_IRQHandler
                0x00000000080018a8                OTG_FS_WKUP_IRQHandler
                0x00000000080018a8                TIM1_TRG_COM_TIM11_IRQHandler
                0x00000000080018a8                OTG_HS_IRQHandler
                0x00000000080018a8                DMA2D_IRQHandler
                0x00000000080018a8                EXTI1_IRQHandler
                0x00000000080018a8                UART7_IRQHandler
                0x00000000080018a8                USART2_IRQHandler
                0x00000000080018a8                I2C2_ER_IRQHandler
                0x00000000080018a8                DMA2_Stream1_IRQHandler
                0x00000000080018a8                CAN1_SCE_IRQHandler
                0x00000000080018a8                FLASH_IRQHandler
                0x00000000080018a8                DMA2_Stream4_IRQHandler
                0x00000000080018a8                USART1_IRQHandler
                0x00000000080018a8                OTG_FS_IRQHandler
                0x00000000080018a8                SPI3_IRQHandler
                0x00000000080018a8                DMA1_Stream4_IRQHandler
                0x00000000080018a8                I2C1_ER_IRQHandler
                0x00000000080018a8                LPTIM1_IRQHandler
                0x00000000080018a8                I2C4_ER_IRQHandler
                0x00000000080018a8                SAI1_IRQHandler
                0x00000000080018a8                DMA1_Stream3_IRQHandler
 *fill*         0x00000000080018aa        0x2 
 .text.HAL_Init
                0x00000000080018ac       0x38 Drivers/STM32F7xx_HAL_Driver/Src/stm32f7xx_hal.o
                0x00000000080018ac                HAL_Init
 .text.HAL_InitTick
                0x00000000080018e4       0x60 Drivers/STM32F7xx_HAL_Driver/Src/stm32f7xx_hal.o
                0x00000000080018e4                HAL_InitTick
 .text.HAL_IncTick
                0x0000000008001944       0x28 Drivers/STM32F7xx_HAL_Driver/Src/stm32f7xx_hal.o
                0x0000000008001944                HAL_IncTick
 .text.HAL_GetTick
                0x000000000800196c       0x18 Drivers/STM32F7xx_HAL_Driver/Src/stm32f7xx_hal.o
                0x000000000800196c                HAL_GetTick
 .text.HAL_Delay
                0x0000000008001984       0x44 Drivers/STM32F7xx_HAL_Driver/Src/stm32f7xx_hal.o
                0x0000000008001984                HAL_Delay
 .text.__NVIC_SetPriorityGrouping
                0x00000000080019c8       0x48 Drivers/STM32F7xx_HAL_Driver/Src/stm32f7xx_hal_cortex.o
 .text.__NVIC_GetPriorityGrouping
                0x0000000008001a10       0x1c Drivers/STM32F7xx_HAL_Driver/Src/stm32f7xx_hal_cortex.o
 .text.__NVIC_EnableIRQ
                0x0000000008001a2c       0x3c Drivers/STM32F7xx_HAL_Driver/Src/stm32f7xx_hal_cortex.o
 .text.__NVIC_SetPriority
                0x0000000008001a68       0x54 Drivers/STM32F7xx_HAL_Driver/Src/stm32f7xx_hal_cortex.o
 .text.NVIC_EncodePriority
                0x0000000008001abc       0x66 Drivers/STM32F7xx_HAL_Driver/Src/stm32f7xx_hal_cortex.o
 *fill*         0x0000000008001b22        0x2 
 .text.SysTick_Config
                0x0000000008001b24       0x44 Drivers/STM32F7xx_HAL_Driver/Src/stm32f7xx_hal_cortex.o
 .text.HAL_NVIC_SetPriorityGrouping
                0x0000000008001b68       0x16 Drivers/STM32F7xx_HAL_Driver/Src/stm32f7xx_hal_cortex.o
                0x0000000008001b68                HAL_NVIC_SetPriorityGrouping
 .text.HAL_NVIC_SetPriority
                0x0000000008001b7e       0x38 Drivers/STM32F7xx_HAL_Driver/Src/stm32f7xx_hal_cortex.o
                0x0000000008001b7e                HAL_NVIC_SetPriority
 .text.HAL_NVIC_EnableIRQ
                0x0000000008001bb6       0x1c Drivers/STM32F7xx_HAL_Driver/Src/stm32f7xx_hal_cortex.o
                0x0000000008001bb6                HAL_NVIC_EnableIRQ
 .text.HAL_SYSTICK_Config
                0x0000000008001bd2       0x18 Drivers/STM32F7xx_HAL_Driver/Src/stm32f7xx_hal_cortex.o
                0x0000000008001bd2                HAL_SYSTICK_Config
 *fill*         0x0000000008001bea        0x2 
 .text.HAL_MPU_Disable
                0x0000000008001bec       0x2c Drivers/STM32F7xx_HAL_Driver/Src/stm32f7xx_hal_cortex.o
                0x0000000008001bec                HAL_MPU_Disable
 .text.HAL_MPU_Enable
                0x0000000008001c18       0x3c Drivers/STM32F7xx_HAL_Driver/Src/stm32f7xx_hal_cortex.o
                0x0000000008001c18                HAL_MPU_Enable
 .text.HAL_MPU_ConfigRegion
                0x0000000008001c54       0x88 Drivers/STM32F7xx_HAL_Driver/Src/stm32f7xx_hal_cortex.o
                0x0000000008001c54                HAL_MPU_ConfigRegion
 .text.HAL_DMA_Init
                0x0000000008001cdc      0x15c Drivers/STM32F7xx_HAL_Driver/Src/stm32f7xx_hal_dma.o
                0x0000000008001cdc                HAL_DMA_Init
 .text.HAL_DMA_IRQHandler
                0x0000000008001e38      0x314 Drivers/STM32F7xx_HAL_Driver/Src/stm32f7xx_hal_dma.o
                0x0000000008001e38                HAL_DMA_IRQHandler
 .text.DMA_CalcBaseAndBitshift
                0x000000000800214c       0x6c Drivers/STM32F7xx_HAL_Driver/Src/stm32f7xx_hal_dma.o
 .text.DMA_CheckFifoParam
                0x00000000080021b8       0xf4 Drivers/STM32F7xx_HAL_Driver/Src/stm32f7xx_hal_dma.o
 .text.HAL_GPIO_Init
                0x00000000080022ac      0x354 Drivers/STM32F7xx_HAL_Driver/Src/stm32f7xx_hal_gpio.o
                0x00000000080022ac                HAL_GPIO_Init
 .text.HAL_GPIO_ReadPin
                0x0000000008002600       0x30 Drivers/STM32F7xx_HAL_Driver/Src/stm32f7xx_hal_gpio.o
                0x0000000008002600                HAL_GPIO_ReadPin
 .text.HAL_GPIO_WritePin
                0x0000000008002630       0x32 Drivers/STM32F7xx_HAL_Driver/Src/stm32f7xx_hal_gpio.o
                0x0000000008002630                HAL_GPIO_WritePin
 *fill*         0x0000000008002662        0x2 
 .text.HAL_PWR_EnableBkUpAccess
                0x0000000008002664       0x20 Drivers/STM32F7xx_HAL_Driver/Src/stm32f7xx_hal_pwr.o
                0x0000000008002664                HAL_PWR_EnableBkUpAccess
 .text.HAL_PWREx_EnableOverDrive
                0x0000000008002684       0xa0 Drivers/STM32F7xx_HAL_Driver/Src/stm32f7xx_hal_pwr_ex.o
                0x0000000008002684                HAL_PWREx_EnableOverDrive
 .text.HAL_RCC_OscConfig
                0x0000000008002724      0x4e0 Drivers/STM32F7xx_HAL_Driver/Src/stm32f7xx_hal_rcc.o
                0x0000000008002724                HAL_RCC_OscConfig
 .text.HAL_RCC_ClockConfig
                0x0000000008002c04      0x1d0 Drivers/STM32F7xx_HAL_Driver/Src/stm32f7xx_hal_rcc.o
                0x0000000008002c04                HAL_RCC_ClockConfig
 .text.HAL_RCC_GetSysClockFreq
                0x0000000008002dd4      0x164 Drivers/STM32F7xx_HAL_Driver/Src/stm32f7xx_hal_rcc.o
                0x0000000008002dd4                HAL_RCC_GetSysClockFreq
 .text.HAL_RCCEx_PeriphCLKConfig
                0x0000000008002f38      0x7dc Drivers/STM32F7xx_HAL_Driver/Src/stm32f7xx_hal_rcc_ex.o
                0x0000000008002f38                HAL_RCCEx_PeriphCLKConfig
 .text.HAL_SD_Init
                0x0000000008003714       0x56 Drivers/STM32F7xx_HAL_Driver/Src/stm32f7xx_hal_sd.o
                0x0000000008003714                HAL_SD_Init
 .text.HAL_SD_InitCard
                0x000000000800376a       0xc8 Drivers/STM32F7xx_HAL_Driver/Src/stm32f7xx_hal_sd.o
                0x000000000800376a                HAL_SD_InitCard
 .text.HAL_SD_ReadBlocks
                0x0000000008003832      0x32c Drivers/STM32F7xx_HAL_Driver/Src/stm32f7xx_hal_sd.o
                0x0000000008003832                HAL_SD_ReadBlocks
 .text.HAL_SD_WriteBlocks
                0x0000000008003b5e      0x2ce Drivers/STM32F7xx_HAL_Driver/Src/stm32f7xx_hal_sd.o
                0x0000000008003b5e                HAL_SD_WriteBlocks
 .text.HAL_SD_GetCardCSD
                0x0000000008003e2c      0x450 Drivers/STM32F7xx_HAL_Driver/Src/stm32f7xx_hal_sd.o
                0x0000000008003e2c                HAL_SD_GetCardCSD
 .text.HAL_SD_GetCardInfo
                0x000000000800427c       0x58 Drivers/STM32F7xx_HAL_Driver/Src/stm32f7xx_hal_sd.o
                0x000000000800427c                HAL_SD_GetCardInfo
 .text.HAL_SD_GetCardState
                0x00000000080042d4       0x4a Drivers/STM32F7xx_HAL_Driver/Src/stm32f7xx_hal_sd.o
                0x00000000080042d4                HAL_SD_GetCardState
 .text.SD_InitCard
                0x000000000800431e      0x192 Drivers/STM32F7xx_HAL_Driver/Src/stm32f7xx_hal_sd.o
 .text.SD_PowerON
                0x00000000080044b0      0x150 Drivers/STM32F7xx_HAL_Driver/Src/stm32f7xx_hal_sd.o
 .text.SD_SendStatus
                0x0000000008004600       0x54 Drivers/STM32F7xx_HAL_Driver/Src/stm32f7xx_hal_sd.o
 .text.HAL_SDRAM_Init
                0x0000000008004654       0x68 Drivers/STM32F7xx_HAL_Driver/Src/stm32f7xx_hal_sdram.o
                0x0000000008004654                HAL_SDRAM_Init
 .text.HAL_SDRAM_IRQHandler
                0x00000000080046bc       0x34 Drivers/STM32F7xx_HAL_Driver/Src/stm32f7xx_hal_sdram.o
                0x00000000080046bc                HAL_SDRAM_IRQHandler
 .text.HAL_SDRAM_RefreshErrorCallback
                0x00000000080046f0       0x14 Drivers/STM32F7xx_HAL_Driver/Src/stm32f7xx_hal_sdram.o
                0x00000000080046f0                HAL_SDRAM_RefreshErrorCallback
 .text.HAL_SDRAM_WriteProtection_Disable
                0x0000000008004704       0x42 Drivers/STM32F7xx_HAL_Driver/Src/stm32f7xx_hal_sdram.o
                0x0000000008004704                HAL_SDRAM_WriteProtection_Disable
 .text.HAL_SDRAM_SendCommand
                0x0000000008004746       0x56 Drivers/STM32F7xx_HAL_Driver/Src/stm32f7xx_hal_sdram.o
                0x0000000008004746                HAL_SDRAM_SendCommand
 .text.FMC_SDRAM_Init
                0x000000000800479c       0xe4 Drivers/STM32F7xx_HAL_Driver/Src/stm32f7xx_ll_fmc.o
                0x000000000800479c                FMC_SDRAM_Init
 .text.FMC_SDRAM_Timing_Init
                0x0000000008004880      0x100 Drivers/STM32F7xx_HAL_Driver/Src/stm32f7xx_ll_fmc.o
                0x0000000008004880                FMC_SDRAM_Timing_Init
 .text.FMC_SDRAM_WriteProtection_Disable
                0x0000000008004980       0x2c Drivers/STM32F7xx_HAL_Driver/Src/stm32f7xx_ll_fmc.o
                0x0000000008004980                FMC_SDRAM_WriteProtection_Disable
 .text.FMC_SDRAM_SendCommand
                0x00000000080049ac       0x42 Drivers/STM32F7xx_HAL_Driver/Src/stm32f7xx_ll_fmc.o
                0x00000000080049ac                FMC_SDRAM_SendCommand
 *fill*         0x00000000080049ee        0x2 
 .text.SDMMC_Init
                0x00000000080049f0       0x58 Drivers/STM32F7xx_HAL_Driver/Src/stm32f7xx_ll_sdmmc.o
                0x00000000080049f0                SDMMC_Init
 .text.SDMMC_ReadFIFO
                0x0000000008004a48       0x1a Drivers/STM32F7xx_HAL_Driver/Src/stm32f7xx_ll_sdmmc.o
                0x0000000008004a48                SDMMC_ReadFIFO
 .text.SDMMC_WriteFIFO
                0x0000000008004a62       0x22 Drivers/STM32F7xx_HAL_Driver/Src/stm32f7xx_ll_sdmmc.o
                0x0000000008004a62                SDMMC_WriteFIFO
 .text.SDMMC_PowerState_ON
                0x0000000008004a84       0x1c Drivers/STM32F7xx_HAL_Driver/Src/stm32f7xx_ll_sdmmc.o
                0x0000000008004a84                SDMMC_PowerState_ON
 .text.SDMMC_GetPowerState
                0x0000000008004aa0       0x1c Drivers/STM32F7xx_HAL_Driver/Src/stm32f7xx_ll_sdmmc.o
                0x0000000008004aa0                SDMMC_GetPowerState
 .text.SDMMC_SendCommand
                0x0000000008004abc       0x54 Drivers/STM32F7xx_HAL_Driver/Src/stm32f7xx_ll_sdmmc.o
                0x0000000008004abc                SDMMC_SendCommand
 .text.SDMMC_GetCommandResponse
                0x0000000008004b10       0x1a Drivers/STM32F7xx_HAL_Driver/Src/stm32f7xx_ll_sdmmc.o
                0x0000000008004b10                SDMMC_GetCommandResponse
 .text.SDMMC_GetResponse
                0x0000000008004b2a       0x2a Drivers/STM32F7xx_HAL_Driver/Src/stm32f7xx_ll_sdmmc.o
                0x0000000008004b2a                SDMMC_GetResponse
 .text.SDMMC_ConfigData
                0x0000000008004b54       0x58 Drivers/STM32F7xx_HAL_Driver/Src/stm32f7xx_ll_sdmmc.o
                0x0000000008004b54                SDMMC_ConfigData
 .text.SDMMC_CmdBlockLength
                0x0000000008004bac       0x48 Drivers/STM32F7xx_HAL_Driver/Src/stm32f7xx_ll_sdmmc.o
                0x0000000008004bac                SDMMC_CmdBlockLength
 .text.SDMMC_CmdReadSingleBlock
                0x0000000008004bf4       0x48 Drivers/STM32F7xx_HAL_Driver/Src/stm32f7xx_ll_sdmmc.o
                0x0000000008004bf4                SDMMC_CmdReadSingleBlock
 .text.SDMMC_CmdReadMultiBlock
                0x0000000008004c3c       0x48 Drivers/STM32F7xx_HAL_Driver/Src/stm32f7xx_ll_sdmmc.o
                0x0000000008004c3c                SDMMC_CmdReadMultiBlock
 .text.SDMMC_CmdWriteSingleBlock
                0x0000000008004c84       0x48 Drivers/STM32F7xx_HAL_Driver/Src/stm32f7xx_ll_sdmmc.o
                0x0000000008004c84                SDMMC_CmdWriteSingleBlock
 .text.SDMMC_CmdWriteMultiBlock
                0x0000000008004ccc       0x48 Drivers/STM32F7xx_HAL_Driver/Src/stm32f7xx_ll_sdmmc.o
                0x0000000008004ccc                SDMMC_CmdWriteMultiBlock
 .text.SDMMC_CmdStopTransfer
                0x0000000008004d14       0x48 Drivers/STM32F7xx_HAL_Driver/Src/stm32f7xx_ll_sdmmc.o
                0x0000000008004d14                SDMMC_CmdStopTransfer
 .text.SDMMC_CmdSelDesel
                0x0000000008004d5c       0x4a Drivers/STM32F7xx_HAL_Driver/Src/stm32f7xx_ll_sdmmc.o
                0x0000000008004d5c                SDMMC_CmdSelDesel
 .text.SDMMC_CmdGoIdleState
                0x0000000008004da6       0x40 Drivers/STM32F7xx_HAL_Driver/Src/stm32f7xx_ll_sdmmc.o
                0x0000000008004da6                SDMMC_CmdGoIdleState
 .text.SDMMC_CmdOperCond
                0x0000000008004de6       0x42 Drivers/STM32F7xx_HAL_Driver/Src/stm32f7xx_ll_sdmmc.o
                0x0000000008004de6                SDMMC_CmdOperCond
 .text.SDMMC_CmdAppCommand
                0x0000000008004e28       0x48 Drivers/STM32F7xx_HAL_Driver/Src/stm32f7xx_ll_sdmmc.o
                0x0000000008004e28                SDMMC_CmdAppCommand
 .text.SDMMC_CmdAppOperCommand
                0x0000000008004e70       0x4c Drivers/STM32F7xx_HAL_Driver/Src/stm32f7xx_ll_sdmmc.o
                0x0000000008004e70                SDMMC_CmdAppOperCommand
 .text.SDMMC_CmdSendCID
                0x0000000008004ebc       0x40 Drivers/STM32F7xx_HAL_Driver/Src/stm32f7xx_ll_sdmmc.o
                0x0000000008004ebc                SDMMC_CmdSendCID
 .text.SDMMC_CmdSendCSD
                0x0000000008004efc       0x42 Drivers/STM32F7xx_HAL_Driver/Src/stm32f7xx_ll_sdmmc.o
                0x0000000008004efc                SDMMC_CmdSendCSD
 .text.SDMMC_CmdSetRelAdd
                0x0000000008004f3e       0x46 Drivers/STM32F7xx_HAL_Driver/Src/stm32f7xx_ll_sdmmc.o
                0x0000000008004f3e                SDMMC_CmdSetRelAdd
 .text.SDMMC_CmdSendStatus
                0x0000000008004f84       0x48 Drivers/STM32F7xx_HAL_Driver/Src/stm32f7xx_ll_sdmmc.o
                0x0000000008004f84                SDMMC_CmdSendStatus
 .text.SDMMC_GetCmdError
                0x0000000008004fcc       0x54 Drivers/STM32F7xx_HAL_Driver/Src/stm32f7xx_ll_sdmmc.o
 .text.SDMMC_GetCmdResp1
                0x0000000008005020      0x1cc Drivers/STM32F7xx_HAL_Driver/Src/stm32f7xx_ll_sdmmc.o
 .text.SDMMC_GetCmdResp2
                0x00000000080051ec       0x80 Drivers/STM32F7xx_HAL_Driver/Src/stm32f7xx_ll_sdmmc.o
 .text.SDMMC_GetCmdResp3
                0x000000000800526c       0x68 Drivers/STM32F7xx_HAL_Driver/Src/stm32f7xx_ll_sdmmc.o
 .text.SDMMC_GetCmdResp6
                0x00000000080052d4       0xdc Drivers/STM32F7xx_HAL_Driver/Src/stm32f7xx_ll_sdmmc.o
 .text.SDMMC_GetCmdResp7
                0x00000000080053b0       0x74 Drivers/STM32F7xx_HAL_Driver/Src/stm32f7xx_ll_sdmmc.o
 .text.MX_FATFS_Init
                0x0000000008005424       0x24 FATFS/App/fatfs.o
                0x0000000008005424                MX_FATFS_Init
 .text.get_fattime
                0x0000000008005448       0x10 FATFS/App/fatfs.o
                0x0000000008005448                get_fattime
 .text.BSP_SD_Init
                0x0000000008005458       0x30 FATFS/Target/bsp_driver_sd.o
                0x0000000008005458                BSP_SD_Init
 .text.BSP_SD_ReadBlocks
                0x0000000008005488       0x3c FATFS/Target/bsp_driver_sd.o
                0x0000000008005488                BSP_SD_ReadBlocks
 .text.BSP_SD_WriteBlocks
                0x00000000080054c4       0x3c FATFS/Target/bsp_driver_sd.o
                0x00000000080054c4                BSP_SD_WriteBlocks
 .text.BSP_SD_GetCardState
                0x0000000008005500       0x20 FATFS/Target/bsp_driver_sd.o
                0x0000000008005500                BSP_SD_GetCardState
 .text.BSP_SD_GetCardInfo
                0x0000000008005520       0x1c FATFS/Target/bsp_driver_sd.o
                0x0000000008005520                BSP_SD_GetCardInfo
 .text.BSP_SD_IsDetected
                0x000000000800553c       0x24 FATFS/Target/bsp_driver_sd.o
                0x000000000800553c                BSP_SD_IsDetected
 .text.BSP_PlatformIsDetected
                0x0000000008005560       0x2c FATFS/Target/fatfs_platform.o
                0x0000000008005560                BSP_PlatformIsDetected
 .text.SD_CheckStatus
                0x000000000800558c       0x3c FATFS/Target/sd_diskio.o
 .text.SD_initialize
                0x00000000080055c8       0x3c FATFS/Target/sd_diskio.o
                0x00000000080055c8                SD_initialize
 .text.SD_status
                0x0000000008005604       0x1c FATFS/Target/sd_diskio.o
                0x0000000008005604                SD_status
 .text.SD_read  0x0000000008005620       0x42 FATFS/Target/sd_diskio.o
                0x0000000008005620                SD_read
 .text.SD_write
                0x0000000008005662       0x42 FATFS/Target/sd_diskio.o
                0x0000000008005662                SD_write
 .text.SD_ioctl
                0x00000000080056a4       0xb0 FATFS/Target/sd_diskio.o
                0x00000000080056a4                SD_ioctl
 .text.disk_status
                0x0000000008005754       0x34 Middlewares/Third_Party/FatFs/src/diskio.o
                0x0000000008005754                disk_status
 .text.disk_initialize
                0x0000000008005788       0x4c Middlewares/Third_Party/FatFs/src/diskio.o
                0x0000000008005788                disk_initialize
 .text.disk_read
                0x00000000080057d4       0x40 Middlewares/Third_Party/FatFs/src/diskio.o
                0x00000000080057d4                disk_read
 .text.disk_write
                0x0000000008005814       0x40 Middlewares/Third_Party/FatFs/src/diskio.o
                0x0000000008005814                disk_write
 .text.disk_ioctl
                0x0000000008005854       0x3c Middlewares/Third_Party/FatFs/src/diskio.o
                0x0000000008005854                disk_ioctl
 .text.ld_word  0x0000000008005890       0x30 Middlewares/Third_Party/FatFs/src/ff.o
 .text.ld_dword
                0x00000000080058c0       0x46 Middlewares/Third_Party/FatFs/src/ff.o
 .text.st_word  0x0000000008005906       0x36 Middlewares/Third_Party/FatFs/src/ff.o
 .text.st_dword
                0x000000000800593c       0x58 Middlewares/Third_Party/FatFs/src/ff.o
 .text.mem_cpy  0x0000000008005994       0x42 Middlewares/Third_Party/FatFs/src/ff.o
 .text.mem_set  0x00000000080059d6       0x34 Middlewares/Third_Party/FatFs/src/ff.o
 .text.mem_cmp  0x0000000008005a0a       0x4e Middlewares/Third_Party/FatFs/src/ff.o
 .text.chk_chr  0x0000000008005a58       0x36 Middlewares/Third_Party/FatFs/src/ff.o
 *fill*         0x0000000008005a8e        0x2 
 .text.chk_lock
                0x0000000008005a90       0xb8 Middlewares/Third_Party/FatFs/src/ff.o
 .text.enq_lock
                0x0000000008005b48       0x44 Middlewares/Third_Party/FatFs/src/ff.o
 .text.inc_lock
                0x0000000008005b8c      0x11c Middlewares/Third_Party/FatFs/src/ff.o
 .text.dec_lock
                0x0000000008005ca8       0x78 Middlewares/Third_Party/FatFs/src/ff.o
 .text.clear_lock
                0x0000000008005d20       0x48 Middlewares/Third_Party/FatFs/src/ff.o
 .text.sync_window
                0x0000000008005d68       0x88 Middlewares/Third_Party/FatFs/src/ff.o
 .text.move_window
                0x0000000008005df0       0x5a Middlewares/Third_Party/FatFs/src/ff.o
 *fill*         0x0000000008005e4a        0x2 
 .text.sync_fs  0x0000000008005e4c       0xdc Middlewares/Third_Party/FatFs/src/ff.o
 .text.clust2sect
                0x0000000008005f28       0x3e Middlewares/Third_Party/FatFs/src/ff.o
 .text.get_fat  0x0000000008005f66      0x14a Middlewares/Third_Party/FatFs/src/ff.o
 .text.put_fat  0x00000000080060b0      0x1ce Middlewares/Third_Party/FatFs/src/ff.o
 .text.remove_chain
                0x000000000800627e       0xca Middlewares/Third_Party/FatFs/src/ff.o
 .text.create_chain
                0x0000000008006348      0x130 Middlewares/Third_Party/FatFs/src/ff.o
 .text.clmt_clust
                0x0000000008006478       0x68 Middlewares/Third_Party/FatFs/src/ff.o
 .text.dir_sdi  0x00000000080064e0       0xf6 Middlewares/Third_Party/FatFs/src/ff.o
 .text.dir_next
                0x00000000080065d6      0x18a Middlewares/Third_Party/FatFs/src/ff.o
 .text.dir_alloc
                0x0000000008006760       0x8e Middlewares/Third_Party/FatFs/src/ff.o
 .text.ld_clust
                0x00000000080067ee       0x3e Middlewares/Third_Party/FatFs/src/ff.o
 .text.st_clust
                0x000000000800682c       0x40 Middlewares/Third_Party/FatFs/src/ff.o
 .text.dir_find
                0x000000000800686c       0xaa Middlewares/Third_Party/FatFs/src/ff.o
 .text.dir_register
                0x0000000008006916       0x64 Middlewares/Third_Party/FatFs/src/ff.o
 *fill*         0x000000000800697a        0x2 
 .text.create_name
                0x000000000800697c      0x128 Middlewares/Third_Party/FatFs/src/ff.o
 .text.follow_path
                0x0000000008006aa4       0xe2 Middlewares/Third_Party/FatFs/src/ff.o
 .text.get_ldnumber
                0x0000000008006b86       0x88 Middlewares/Third_Party/FatFs/src/ff.o
 *fill*         0x0000000008006c0e        0x2 
 .text.check_fs
                0x0000000008006c10       0xac Middlewares/Third_Party/FatFs/src/ff.o
 .text.find_volume
                0x0000000008006cbc      0x498 Middlewares/Third_Party/FatFs/src/ff.o
 .text.validate
                0x0000000008007154       0x6a Middlewares/Third_Party/FatFs/src/ff.o
 *fill*         0x00000000080071be        0x2 
 .text.f_mount  0x00000000080071c0       0x8c Middlewares/Third_Party/FatFs/src/ff.o
                0x00000000080071c0                f_mount
 .text.f_open   0x000000000800724c      0x37c Middlewares/Third_Party/FatFs/src/ff.o
                0x000000000800724c                f_open
 .text.f_read   0x00000000080075c8      0x27e Middlewares/Third_Party/FatFs/src/ff.o
                0x00000000080075c8                f_read
 .text.f_write  0x0000000008007846      0x2ea Middlewares/Third_Party/FatFs/src/ff.o
                0x0000000008007846                f_write
 .text.f_sync   0x0000000008007b30       0xfc Middlewares/Third_Party/FatFs/src/ff.o
                0x0000000008007b30                f_sync
 .text.f_close  0x0000000008007c2c       0x54 Middlewares/Third_Party/FatFs/src/ff.o
                0x0000000008007c2c                f_close
 .text.FATFS_LinkDriverEx
                0x0000000008007c80       0x98 Middlewares/Third_Party/FatFs/src/ff_gen_drv.o
                0x0000000008007c80                FATFS_LinkDriverEx
 .text.FATFS_LinkDriver
                0x0000000008007d18       0x1e Middlewares/Third_Party/FatFs/src/ff_gen_drv.o
                0x0000000008007d18                FATFS_LinkDriver
 *fill*         0x0000000008007d36        0x2 
 .text.__libc_init_array
                0x0000000008007d38       0x48 c:/st/stm32cubeide_1.2.0/stm32cubeide/plugins/com.st.stm32cube.ide.mcu.externaltools.gnu-tools-for-stm32.7-2018-q2-update.win32_1.0.0.201904181610/tools/bin/../lib/gcc/arm-none-eabi/7.3.1/../../../../arm-none-eabi/lib/thumb/v7e-m/fpv4-sp/hard\libc_nano.a(lib_a-init.o)
                0x0000000008007d38                __libc_init_array
 .text.memset   0x0000000008007d80       0x10 c:/st/stm32cubeide_1.2.0/stm32cubeide/plugins/com.st.stm32cube.ide.mcu.externaltools.gnu-tools-for-stm32.7-2018-q2-update.win32_1.0.0.201904181610/tools/bin/../lib/gcc/arm-none-eabi/7.3.1/../../../../arm-none-eabi/lib/thumb/v7e-m/fpv4-sp/hard\libc_nano.a(lib_a-memset.o)
                0x0000000008007d80                memset
 *(.glue_7)
 .glue_7        0x0000000008007d90        0x0 linker stubs
 *(.glue_7t)
 .glue_7t       0x0000000008007d90        0x0 linker stubs
 *(.eh_frame)
 .eh_frame      0x0000000008007d90        0x0 c:/st/stm32cubeide_1.2.0/stm32cubeide/plugins/com.st.stm32cube.ide.mcu.externaltools.gnu-tools-for-stm32.7-2018-q2-update.win32_1.0.0.201904181610/tools/bin/../lib/gcc/arm-none-eabi/7.3.1/thumb/v7e-m/fpv4-sp/hard/crtbegin.o
 *(.init)
 .init          0x0000000008007d90        0x4 c:/st/stm32cubeide_1.2.0/stm32cubeide/plugins/com.st.stm32cube.ide.mcu.externaltools.gnu-tools-for-stm32.7-2018-q2-update.win32_1.0.0.201904181610/tools/bin/../lib/gcc/arm-none-eabi/7.3.1/thumb/v7e-m/fpv4-sp/hard/crti.o
                0x0000000008007d90                _init
 .init          0x0000000008007d94        0x8 c:/st/stm32cubeide_1.2.0/stm32cubeide/plugins/com.st.stm32cube.ide.mcu.externaltools.gnu-tools-for-stm32.7-2018-q2-update.win32_1.0.0.201904181610/tools/bin/../lib/gcc/arm-none-eabi/7.3.1/thumb/v7e-m/fpv4-sp/hard/crtn.o
 *(.fini)
 .fini          0x0000000008007d9c        0x4 c:/st/stm32cubeide_1.2.0/stm32cubeide/plugins/com.st.stm32cube.ide.mcu.externaltools.gnu-tools-for-stm32.7-2018-q2-update.win32_1.0.0.201904181610/tools/bin/../lib/gcc/arm-none-eabi/7.3.1/thumb/v7e-m/fpv4-sp/hard/crti.o
                0x0000000008007d9c                _fini
 .fini          0x0000000008007da0        0x8 c:/st/stm32cubeide_1.2.0/stm32cubeide/plugins/com.st.stm32cube.ide.mcu.externaltools.gnu-tools-for-stm32.7-2018-q2-update.win32_1.0.0.201904181610/tools/bin/../lib/gcc/arm-none-eabi/7.3.1/thumb/v7e-m/fpv4-sp/hard/crtn.o
                0x0000000008007da8                . = ALIGN (0x4)
                0x0000000008007da8                _etext = .

.vfp11_veneer   0x0000000008007da8        0x0
 .vfp11_veneer  0x0000000008007da8        0x0 linker stubs

.v4_bx          0x0000000008007da8        0x0
 .v4_bx         0x0000000008007da8        0x0 linker stubs

.iplt           0x0000000008007da8        0x0
 .iplt          0x0000000008007da8        0x0 c:/st/stm32cubeide_1.2.0/stm32cubeide/plugins/com.st.stm32cube.ide.mcu.externaltools.gnu-tools-for-stm32.7-2018-q2-update.win32_1.0.0.201904181610/tools/bin/../lib/gcc/arm-none-eabi/7.3.1/thumb/v7e-m/fpv4-sp/hard/crtbegin.o

.rodata         0x0000000008007da8      0x108
                0x0000000008007da8                . = ALIGN (0x4)
 *(.rodata)
 .rodata        0x0000000008007da8       0x18 Core/Src/main.o
 .rodata        0x0000000008007dc0       0x44 Middlewares/Third_Party/FatFs/src/ff.o
 *(.rodata*)
 .rodata.AHBPrescTable
                0x0000000008007e04       0x10 Core/Src/system_stm32f7xx.o
                0x0000000008007e04                AHBPrescTable
 .rodata.flagBitshiftOffset.8635
                0x0000000008007e14        0x8 Drivers/STM32F7xx_HAL_Driver/Src/stm32f7xx_hal_dma.o
 .rodata.SD_Driver
                0x0000000008007e1c       0x14 FATFS/Target/sd_diskio.o
                0x0000000008007e1c                SD_Driver
 .rodata.ExCvt  0x0000000008007e30       0x80 Middlewares/Third_Party/FatFs/src/ff.o
                0x0000000008007eb0                . = ALIGN (0x4)

.ARM.extab      0x0000000008007eb0        0x0
                0x0000000008007eb0                . = ALIGN (0x4)
 *(.ARM.extab* .gnu.linkonce.armextab.*)
                0x0000000008007eb0                . = ALIGN (0x4)

.ARM            0x0000000008007eb0        0x8
                0x0000000008007eb0                . = ALIGN (0x4)
                0x0000000008007eb0                __exidx_start = .
 *(.ARM.exidx*)
 .ARM.exidx     0x0000000008007eb0        0x8 c:/st/stm32cubeide_1.2.0/stm32cubeide/plugins/com.st.stm32cube.ide.mcu.externaltools.gnu-tools-for-stm32.7-2018-q2-update.win32_1.0.0.201904181610/tools/bin/../lib/gcc/arm-none-eabi/7.3.1/thumb/v7e-m/fpv4-sp/hard\libgcc.a(_udivmoddi4.o)
                0x0000000008007eb8                __exidx_end = .
                0x0000000008007eb8                . = ALIGN (0x4)

.rel.dyn        0x0000000008007eb8        0x0
 .rel.iplt      0x0000000008007eb8        0x0 c:/st/stm32cubeide_1.2.0/stm32cubeide/plugins/com.st.stm32cube.ide.mcu.externaltools.gnu-tools-for-stm32.7-2018-q2-update.win32_1.0.0.201904181610/tools/bin/../lib/gcc/arm-none-eabi/7.3.1/thumb/v7e-m/fpv4-sp/hard/crtbegin.o

.preinit_array  0x0000000008007eb8        0x0
                0x0000000008007eb8                . = ALIGN (0x4)
                0x0000000008007eb8                PROVIDE (__preinit_array_start = .)
 *(.preinit_array*)
                0x0000000008007eb8                PROVIDE (__preinit_array_end = .)
                0x0000000008007eb8                . = ALIGN (0x4)

.init_array     0x0000000008007eb8        0x4
                0x0000000008007eb8                . = ALIGN (0x4)
                0x0000000008007eb8                PROVIDE (__init_array_start = .)
 *(SORT_BY_NAME(.init_array.*))
 *(.init_array*)
 .init_array    0x0000000008007eb8        0x4 c:/st/stm32cubeide_1.2.0/stm32cubeide/plugins/com.st.stm32cube.ide.mcu.externaltools.gnu-tools-for-stm32.7-2018-q2-update.win32_1.0.0.201904181610/tools/bin/../lib/gcc/arm-none-eabi/7.3.1/thumb/v7e-m/fpv4-sp/hard/crtbegin.o
                0x0000000008007ebc                PROVIDE (__init_array_end = .)
                0x0000000008007ebc                . = ALIGN (0x4)

.fini_array     0x0000000008007ebc        0x4
                0x0000000008007ebc                . = ALIGN (0x4)
                [!provide]                        PROVIDE (__fini_array_start = .)
 *(SORT_BY_NAME(.fini_array.*))
 *(.fini_array*)
 .fini_array    0x0000000008007ebc        0x4 c:/st/stm32cubeide_1.2.0/stm32cubeide/plugins/com.st.stm32cube.ide.mcu.externaltools.gnu-tools-for-stm32.7-2018-q2-update.win32_1.0.0.201904181610/tools/bin/../lib/gcc/arm-none-eabi/7.3.1/thumb/v7e-m/fpv4-sp/hard/crtbegin.o
                [!provide]                        PROVIDE (__fini_array_end = .)
                0x0000000008007ec0                . = ALIGN (0x4)
                0x0000000008007ec0                _sidata = LOADADDR (.data)

.data           0x0000000020000000       0x10 load address 0x0000000008007ec0
                0x0000000020000000                . = ALIGN (0x4)
                0x0000000020000000                _sdata = .
 *(.data)
 *(.data*)
 .data.SDRAM_BANK_ADDR
                0x0000000020000000        0x4 Core/Src/main.o
                0x0000000020000000                SDRAM_BANK_ADDR
 .data.SystemCoreClock
                0x0000000020000004        0x4 Core/Src/system_stm32f7xx.o
                0x0000000020000004                SystemCoreClock
 .data.uwTickPrio
                0x0000000020000008        0x4 Drivers/STM32F7xx_HAL_Driver/Src/stm32f7xx_hal.o
                0x0000000020000008                uwTickPrio
 .data.uwTickFreq
                0x000000002000000c        0x1 Drivers/STM32F7xx_HAL_Driver/Src/stm32f7xx_hal.o
                0x000000002000000c                uwTickFreq
 .data.Stat     0x000000002000000d        0x1 FATFS/Target/sd_diskio.o
                0x0000000020000010                . = ALIGN (0x4)
 *fill*         0x000000002000000e        0x2 
                0x0000000020000010                _edata = .

.igot.plt       0x0000000020000010        0x0 load address 0x0000000008007ed0
 .igot.plt      0x0000000020000010        0x0 c:/st/stm32cubeide_1.2.0/stm32cubeide/plugins/com.st.stm32cube.ide.mcu.externaltools.gnu-tools-for-stm32.7-2018-q2-update.win32_1.0.0.201904181610/tools/bin/../lib/gcc/arm-none-eabi/7.3.1/thumb/v7e-m/fpv4-sp/hard/crtbegin.o
                0x0000000020000010                . = ALIGN (0x4)

.bss            0x0000000020000010      0x748 load address 0x0000000008007ed0
                0x0000000020000010                _sbss = .
                0x0000000020000010                __bss_start__ = _sbss
 *(.bss)
 .bss           0x0000000020000010       0x1c c:/st/stm32cubeide_1.2.0/stm32cubeide/plugins/com.st.stm32cube.ide.mcu.externaltools.gnu-tools-for-stm32.7-2018-q2-update.win32_1.0.0.201904181610/tools/bin/../lib/gcc/arm-none-eabi/7.3.1/thumb/v7e-m/fpv4-sp/hard/crtbegin.o
 *(.bss*)
 .bss.SdramTiming
                0x000000002000002c       0x1c Core/Src/main.o
                0x000000002000002c                SdramTiming
 .bss.FMC_Initialized
                0x0000000020000048        0x4 Core/Src/stm32f7xx_hal_msp.o
 .bss.FatFs     0x000000002000004c        0x4 Middlewares/Third_Party/FatFs/src/ff.o
 .bss.Fsid      0x0000000020000050        0x2 Middlewares/Third_Party/FatFs/src/ff.o
 *fill*         0x0000000020000052        0x2 
 .bss.Files     0x0000000020000054       0x20 Middlewares/Third_Party/FatFs/src/ff.o
 .bss.disk      0x0000000020000074        0xc Middlewares/Third_Party/FatFs/src/ff_gen_drv.o
                0x0000000020000074                disk
 *(COMMON)
 COMMON         0x0000000020000080      0x26a Core/Src/main.o
                0x0000000020000080                p
                0x0000000020000084                j
                0x0000000020000088                hdma_memtomem_dma2_stream0
                0x00000000200000e8                n
                0x00000000200000ec                o
                0x00000000200000f0                hsd1
                0x0000000020000174                command
                0x0000000020000184                k
                0x0000000020000188                hdma_memtomem_dma2_stream1
                0x00000000200001e8                i
                0x00000000200001ec                col
                0x00000000200001f0                hdma_sdmmc1_rx
                0x0000000020000250                res
                0x0000000020000254                hsdram1
                0x0000000020000288                hdma_sdmmc1_tx
                0x00000000200002e8                row
 *fill*         0x00000000200002ea        0x2 
 COMMON         0x00000000200002ec        0x4 Drivers/STM32F7xx_HAL_Driver/Src/stm32f7xx_hal.o
                0x00000000200002ec                uwTick
 COMMON         0x00000000200002f0      0x468 FATFS/App/fatfs.o
                0x00000000200002f0                retSD
                0x00000000200002f4                SDPath
                0x00000000200002f8                SDFile
                0x0000000020000528                SDFatFS
                0x0000000020000758                . = ALIGN (0x4)
                0x0000000020000758                _ebss = .
                0x0000000020000758                __bss_end__ = _ebss

._user_heap_stack
                0x0000000020000758     0xc000 load address 0x0000000008007ed0
                0x0000000020000758                . = ALIGN (0x8)
                0x0000000020000758                PROVIDE (end = .)
                [!provide]                        PROVIDE (_end = .)
                0x0000000020004758                . = (. + _Min_Heap_Size)
 *fill*         0x0000000020000758     0x4000 
                0x000000002000c758                . = (. + _Min_Stack_Size)
 *fill*         0x0000000020004758     0x8000 
                0x000000002000c758                . = ALIGN (0x8)

/DISCARD/
 libc.a(*)
 libm.a(*)
 libgcc.a(*)

.ARM.attributes
                0x0000000000000000       0x30
 *(.ARM.attributes)
 .ARM.attributes
                0x0000000000000000       0x22 c:/st/stm32cubeide_1.2.0/stm32cubeide/plugins/com.st.stm32cube.ide.mcu.externaltools.gnu-tools-for-stm32.7-2018-q2-update.win32_1.0.0.201904181610/tools/bin/../lib/gcc/arm-none-eabi/7.3.1/thumb/v7e-m/fpv4-sp/hard/crti.o
 .ARM.attributes
                0x0000000000000022       0x34 c:/st/stm32cubeide_1.2.0/stm32cubeide/plugins/com.st.stm32cube.ide.mcu.externaltools.gnu-tools-for-stm32.7-2018-q2-update.win32_1.0.0.201904181610/tools/bin/../lib/gcc/arm-none-eabi/7.3.1/thumb/v7e-m/fpv4-sp/hard/crtbegin.o
 .ARM.attributes
                0x0000000000000056       0x39 Core/Src/main.o
 .ARM.attributes
                0x000000000000008f       0x39 Core/Src/stm32f7xx_hal_msp.o
 .ARM.attributes
                0x00000000000000c8       0x39 Core/Src/stm32f7xx_it.o
 .ARM.attributes
                0x0000000000000101       0x39 Core/Src/system_stm32f7xx.o
 .ARM.attributes
                0x000000000000013a       0x21 Core/Startup/startup_stm32f746nghx.o
 .ARM.attributes
                0x000000000000015b       0x39 Drivers/STM32F7xx_HAL_Driver/Src/stm32f7xx_hal.o
 .ARM.attributes
                0x0000000000000194       0x39 Drivers/STM32F7xx_HAL_Driver/Src/stm32f7xx_hal_cortex.o
 .ARM.attributes
                0x00000000000001cd       0x39 Drivers/STM32F7xx_HAL_Driver/Src/stm32f7xx_hal_dma.o
 .ARM.attributes
                0x0000000000000206       0x39 Drivers/STM32F7xx_HAL_Driver/Src/stm32f7xx_hal_gpio.o
 .ARM.attributes
                0x000000000000023f       0x39 Drivers/STM32F7xx_HAL_Driver/Src/stm32f7xx_hal_pwr.o
 .ARM.attributes
                0x0000000000000278       0x39 Drivers/STM32F7xx_HAL_Driver/Src/stm32f7xx_hal_pwr_ex.o
 .ARM.attributes
                0x00000000000002b1       0x39 Drivers/STM32F7xx_HAL_Driver/Src/stm32f7xx_hal_rcc.o
 .ARM.attributes
                0x00000000000002ea       0x39 Drivers/STM32F7xx_HAL_Driver/Src/stm32f7xx_hal_rcc_ex.o
 .ARM.attributes
                0x0000000000000323       0x39 Drivers/STM32F7xx_HAL_Driver/Src/stm32f7xx_hal_sd.o
 .ARM.attributes
                0x000000000000035c       0x39 Drivers/STM32F7xx_HAL_Driver/Src/stm32f7xx_hal_sdram.o
 .ARM.attributes
                0x0000000000000395       0x39 Drivers/STM32F7xx_HAL_Driver/Src/stm32f7xx_ll_fmc.o
 .ARM.attributes
                0x00000000000003ce       0x39 Drivers/STM32F7xx_HAL_Driver/Src/stm32f7xx_ll_sdmmc.o
 .ARM.attributes
                0x0000000000000407       0x39 FATFS/App/fatfs.o
 .ARM.attributes
                0x0000000000000440       0x39 FATFS/Target/bsp_driver_sd.o
 .ARM.attributes
                0x0000000000000479       0x39 FATFS/Target/fatfs_platform.o
 .ARM.attributes
                0x00000000000004b2       0x39 FATFS/Target/sd_diskio.o
 .ARM.attributes
                0x00000000000004eb       0x39 Middlewares/Third_Party/FatFs/src/diskio.o
 .ARM.attributes
                0x0000000000000524       0x39 Middlewares/Third_Party/FatFs/src/ff.o
 .ARM.attributes
                0x000000000000055d       0x39 Middlewares/Third_Party/FatFs/src/ff_gen_drv.o
 .ARM.attributes
                0x0000000000000596       0x34 c:/st/stm32cubeide_1.2.0/stm32cubeide/plugins/com.st.stm32cube.ide.mcu.externaltools.gnu-tools-for-stm32.7-2018-q2-update.win32_1.0.0.201904181610/tools/bin/../lib/gcc/arm-none-eabi/7.3.1/../../../../arm-none-eabi/lib/thumb/v7e-m/fpv4-sp/hard\libc_nano.a(lib_a-init.o)
 .ARM.attributes
                0x00000000000005ca       0x34 c:/st/stm32cubeide_1.2.0/stm32cubeide/plugins/com.st.stm32cube.ide.mcu.externaltools.gnu-tools-for-stm32.7-2018-q2-update.win32_1.0.0.201904181610/tools/bin/../lib/gcc/arm-none-eabi/7.3.1/../../../../arm-none-eabi/lib/thumb/v7e-m/fpv4-sp/hard\libc_nano.a(lib_a-memset.o)
 .ARM.attributes
                0x00000000000005fe       0x22 c:/st/stm32cubeide_1.2.0/stm32cubeide/plugins/com.st.stm32cube.ide.mcu.externaltools.gnu-tools-for-stm32.7-2018-q2-update.win32_1.0.0.201904181610/tools/bin/../lib/gcc/arm-none-eabi/7.3.1/thumb/v7e-m/fpv4-sp/hard\libgcc.a(_aeabi_uldivmod.o)
 .ARM.attributes
                0x0000000000000620       0x34 c:/st/stm32cubeide_1.2.0/stm32cubeide/plugins/com.st.stm32cube.ide.mcu.externaltools.gnu-tools-for-stm32.7-2018-q2-update.win32_1.0.0.201904181610/tools/bin/../lib/gcc/arm-none-eabi/7.3.1/thumb/v7e-m/fpv4-sp/hard\libgcc.a(_udivmoddi4.o)
 .ARM.attributes
                0x0000000000000654       0x22 c:/st/stm32cubeide_1.2.0/stm32cubeide/plugins/com.st.stm32cube.ide.mcu.externaltools.gnu-tools-for-stm32.7-2018-q2-update.win32_1.0.0.201904181610/tools/bin/../lib/gcc/arm-none-eabi/7.3.1/thumb/v7e-m/fpv4-sp/hard\libgcc.a(_dvmd_tls.o)
 .ARM.attributes
                0x0000000000000676       0x22 c:/st/stm32cubeide_1.2.0/stm32cubeide/plugins/com.st.stm32cube.ide.mcu.externaltools.gnu-tools-for-stm32.7-2018-q2-update.win32_1.0.0.201904181610/tools/bin/../lib/gcc/arm-none-eabi/7.3.1/thumb/v7e-m/fpv4-sp/hard/crtn.o
OUTPUT(sd_ram_write.elf elf32-littlearm)

.debug_info     0x0000000000000000    0x14199
 .debug_info    0x0000000000000000     0x275f Core/Src/main.o
 .debug_info    0x000000000000275f      0xfcd Core/Src/stm32f7xx_hal_msp.o
 .debug_info    0x000000000000372c      0x64d Core/Src/stm32f7xx_it.o
 .debug_info    0x0000000000003d79      0x73d Core/Src/system_stm32f7xx.o
 .debug_info    0x00000000000044b6       0x22 Core/Startup/startup_stm32f746nghx.o
 .debug_info    0x00000000000044d8      0xa33 Drivers/STM32F7xx_HAL_Driver/Src/stm32f7xx_hal.o
 .debug_info    0x0000000000004f0b     0x104a Drivers/STM32F7xx_HAL_Driver/Src/stm32f7xx_hal_cortex.o
 .debug_info    0x0000000000005f55      0x968 Drivers/STM32F7xx_HAL_Driver/Src/stm32f7xx_hal_dma.o
 .debug_info    0x00000000000068bd      0x7dc Drivers/STM32F7xx_HAL_Driver/Src/stm32f7xx_hal_gpio.o
 .debug_info    0x0000000000007099      0x9b4 Drivers/STM32F7xx_HAL_Driver/Src/stm32f7xx_hal_pwr.o
 .debug_info    0x0000000000007a4d      0x96b Drivers/STM32F7xx_HAL_Driver/Src/stm32f7xx_hal_pwr_ex.o
 .debug_info    0x00000000000083b8      0x926 Drivers/STM32F7xx_HAL_Driver/Src/stm32f7xx_hal_rcc.o
 .debug_info    0x0000000000008cde      0x7ad Drivers/STM32F7xx_HAL_Driver/Src/stm32f7xx_hal_rcc_ex.o
 .debug_info    0x000000000000948b     0x17c8 Drivers/STM32F7xx_HAL_Driver/Src/stm32f7xx_hal_sd.o
 .debug_info    0x000000000000ac53      0xca1 Drivers/STM32F7xx_HAL_Driver/Src/stm32f7xx_hal_sdram.o
 .debug_info    0x000000000000b8f4      0xccd Drivers/STM32F7xx_HAL_Driver/Src/stm32f7xx_ll_fmc.o
 .debug_info    0x000000000000c5c1     0x10bd Drivers/STM32F7xx_HAL_Driver/Src/stm32f7xx_ll_sdmmc.o
 .debug_info    0x000000000000d67e      0xd86 FATFS/App/fatfs.o
 .debug_info    0x000000000000e404      0xa75 FATFS/Target/bsp_driver_sd.o
 .debug_info    0x000000000000ee79      0x265 FATFS/Target/fatfs_platform.o
 .debug_info    0x000000000000f0de      0xd14 FATFS/Target/sd_diskio.o
 .debug_info    0x000000000000fdf2      0xcdc Middlewares/Third_Party/FatFs/src/diskio.o
 .debug_info    0x0000000000010ace     0x2a57 Middlewares/Third_Party/FatFs/src/ff.o
 .debug_info    0x0000000000013525      0xc74 Middlewares/Third_Party/FatFs/src/ff_gen_drv.o

.debug_abbrev   0x0000000000000000     0x2cd9
 .debug_abbrev  0x0000000000000000      0x313 Core/Src/main.o
 .debug_abbrev  0x0000000000000313      0x1fb Core/Src/stm32f7xx_hal_msp.o
 .debug_abbrev  0x000000000000050e      0x149 Core/Src/stm32f7xx_it.o
 .debug_abbrev  0x0000000000000657      0x147 Core/Src/system_stm32f7xx.o
 .debug_abbrev  0x000000000000079e       0x12 Core/Startup/startup_stm32f746nghx.o
 .debug_abbrev  0x00000000000007b0      0x1c7 Drivers/STM32F7xx_HAL_Driver/Src/stm32f7xx_hal.o
 .debug_abbrev  0x0000000000000977      0x2fa Drivers/STM32F7xx_HAL_Driver/Src/stm32f7xx_hal_cortex.o
 .debug_abbrev  0x0000000000000c71      0x229 Drivers/STM32F7xx_HAL_Driver/Src/stm32f7xx_hal_dma.o
 .debug_abbrev  0x0000000000000e9a      0x1c9 Drivers/STM32F7xx_HAL_Driver/Src/stm32f7xx_hal_gpio.o
 .debug_abbrev  0x0000000000001063      0x1b6 Drivers/STM32F7xx_HAL_Driver/Src/stm32f7xx_hal_pwr.o
 .debug_abbrev  0x0000000000001219      0x1b8 Drivers/STM32F7xx_HAL_Driver/Src/stm32f7xx_hal_pwr_ex.o
 .debug_abbrev  0x00000000000013d1      0x21a Drivers/STM32F7xx_HAL_Driver/Src/stm32f7xx_hal_rcc.o
 .debug_abbrev  0x00000000000015eb      0x1ad Drivers/STM32F7xx_HAL_Driver/Src/stm32f7xx_hal_rcc_ex.o
 .debug_abbrev  0x0000000000001798      0x23d Drivers/STM32F7xx_HAL_Driver/Src/stm32f7xx_hal_sd.o
 .debug_abbrev  0x00000000000019d5      0x1f7 Drivers/STM32F7xx_HAL_Driver/Src/stm32f7xx_hal_sdram.o
 .debug_abbrev  0x0000000000001bcc      0x170 Drivers/STM32F7xx_HAL_Driver/Src/stm32f7xx_ll_fmc.o
 .debug_abbrev  0x0000000000001d3c      0x1cd Drivers/STM32F7xx_HAL_Driver/Src/stm32f7xx_ll_sdmmc.o
 .debug_abbrev  0x0000000000001f09      0x1df FATFS/App/fatfs.o
 .debug_abbrev  0x00000000000020e8      0x21c FATFS/Target/bsp_driver_sd.o
 .debug_abbrev  0x0000000000002304       0xf7 FATFS/Target/fatfs_platform.o
 .debug_abbrev  0x00000000000023fb      0x1fa FATFS/Target/sd_diskio.o
 .debug_abbrev  0x00000000000025f5      0x209 Middlewares/Third_Party/FatFs/src/diskio.o
 .debug_abbrev  0x00000000000027fe      0x2a5 Middlewares/Third_Party/FatFs/src/ff.o
 .debug_abbrev  0x0000000000002aa3      0x236 Middlewares/Third_Party/FatFs/src/ff_gen_drv.o

.debug_aranges  0x0000000000000000      0xeb0
 .debug_aranges
                0x0000000000000000       0x70 Core/Src/main.o
 .debug_aranges
                0x0000000000000070       0x50 Core/Src/stm32f7xx_hal_msp.o
 .debug_aranges
                0x00000000000000c0       0x78 Core/Src/stm32f7xx_it.o
 .debug_aranges
                0x0000000000000138       0x28 Core/Src/system_stm32f7xx.o
 .debug_aranges
                0x0000000000000160       0x28 Core/Startup/startup_stm32f746nghx.o
 .debug_aranges
                0x0000000000000188      0x100 Drivers/STM32F7xx_HAL_Driver/Src/stm32f7xx_hal.o
 .debug_aranges
                0x0000000000000288      0x118 Drivers/STM32F7xx_HAL_Driver/Src/stm32f7xx_hal_cortex.o
 .debug_aranges
                0x00000000000003a0       0x90 Drivers/STM32F7xx_HAL_Driver/Src/stm32f7xx_hal_dma.o
 .debug_aranges
                0x0000000000000430       0x58 Drivers/STM32F7xx_HAL_Driver/Src/stm32f7xx_hal_gpio.o
 .debug_aranges
                0x0000000000000488       0xa0 Drivers/STM32F7xx_HAL_Driver/Src/stm32f7xx_hal_pwr.o
 .debug_aranges
                0x0000000000000528       0x80 Drivers/STM32F7xx_HAL_Driver/Src/stm32f7xx_hal_pwr_ex.o
 .debug_aranges
                0x00000000000005a8       0x88 Drivers/STM32F7xx_HAL_Driver/Src/stm32f7xx_hal_rcc.o
 .debug_aranges
                0x0000000000000630       0x50 Drivers/STM32F7xx_HAL_Driver/Src/stm32f7xx_hal_rcc_ex.o
 .debug_aranges
                0x0000000000000680      0x168 Drivers/STM32F7xx_HAL_Driver/Src/stm32f7xx_hal_sd.o
 .debug_aranges
                0x00000000000007e8       0xd0 Drivers/STM32F7xx_HAL_Driver/Src/stm32f7xx_hal_sdram.o
 .debug_aranges
                0x00000000000008b8       0xc8 Drivers/STM32F7xx_HAL_Driver/Src/stm32f7xx_ll_fmc.o
 .debug_aranges
                0x0000000000000980      0x178 Drivers/STM32F7xx_HAL_Driver/Src/stm32f7xx_ll_sdmmc.o
 .debug_aranges
                0x0000000000000af8       0x28 FATFS/App/fatfs.o
 .debug_aranges
                0x0000000000000b20       0x98 FATFS/Target/bsp_driver_sd.o
 .debug_aranges
                0x0000000000000bb8       0x20 FATFS/Target/fatfs_platform.o
 .debug_aranges
                0x0000000000000bd8       0x48 FATFS/Target/sd_diskio.o
 .debug_aranges
                0x0000000000000c20       0x48 Middlewares/Third_Party/FatFs/src/diskio.o
 .debug_aranges
                0x0000000000000c68      0x208 Middlewares/Third_Party/FatFs/src/ff.o
 .debug_aranges
                0x0000000000000e70       0x40 Middlewares/Third_Party/FatFs/src/ff_gen_drv.o

.debug_ranges   0x0000000000000000      0xd38
 .debug_ranges  0x0000000000000000       0x60 Core/Src/main.o
 .debug_ranges  0x0000000000000060       0x40 Core/Src/stm32f7xx_hal_msp.o
 .debug_ranges  0x00000000000000a0       0x68 Core/Src/stm32f7xx_it.o
 .debug_ranges  0x0000000000000108       0x18 Core/Src/system_stm32f7xx.o
 .debug_ranges  0x0000000000000120       0x20 Core/Startup/startup_stm32f746nghx.o
 .debug_ranges  0x0000000000000140       0xf0 Drivers/STM32F7xx_HAL_Driver/Src/stm32f7xx_hal.o
 .debug_ranges  0x0000000000000230      0x108 Drivers/STM32F7xx_HAL_Driver/Src/stm32f7xx_hal_cortex.o
 .debug_ranges  0x0000000000000338       0x80 Drivers/STM32F7xx_HAL_Driver/Src/stm32f7xx_hal_dma.o
 .debug_ranges  0x00000000000003b8       0x48 Drivers/STM32F7xx_HAL_Driver/Src/stm32f7xx_hal_gpio.o
 .debug_ranges  0x0000000000000400       0x90 Drivers/STM32F7xx_HAL_Driver/Src/stm32f7xx_hal_pwr.o
 .debug_ranges  0x0000000000000490       0x70 Drivers/STM32F7xx_HAL_Driver/Src/stm32f7xx_hal_pwr_ex.o
 .debug_ranges  0x0000000000000500       0x78 Drivers/STM32F7xx_HAL_Driver/Src/stm32f7xx_hal_rcc.o
 .debug_ranges  0x0000000000000578       0x40 Drivers/STM32F7xx_HAL_Driver/Src/stm32f7xx_hal_rcc_ex.o
 .debug_ranges  0x00000000000005b8      0x158 Drivers/STM32F7xx_HAL_Driver/Src/stm32f7xx_hal_sd.o
 .debug_ranges  0x0000000000000710       0xc0 Drivers/STM32F7xx_HAL_Driver/Src/stm32f7xx_hal_sdram.o
 .debug_ranges  0x00000000000007d0       0xb8 Drivers/STM32F7xx_HAL_Driver/Src/stm32f7xx_ll_fmc.o
 .debug_ranges  0x0000000000000888      0x168 Drivers/STM32F7xx_HAL_Driver/Src/stm32f7xx_ll_sdmmc.o
 .debug_ranges  0x00000000000009f0       0x18 FATFS/App/fatfs.o
 .debug_ranges  0x0000000000000a08       0x88 FATFS/Target/bsp_driver_sd.o
 .debug_ranges  0x0000000000000a90       0x10 FATFS/Target/fatfs_platform.o
 .debug_ranges  0x0000000000000aa0       0x38 FATFS/Target/sd_diskio.o
 .debug_ranges  0x0000000000000ad8       0x38 Middlewares/Third_Party/FatFs/src/diskio.o
 .debug_ranges  0x0000000000000b10      0x1f8 Middlewares/Third_Party/FatFs/src/ff.o
 .debug_ranges  0x0000000000000d08       0x30 Middlewares/Third_Party/FatFs/src/ff_gen_drv.o

.debug_macro    0x0000000000000000    0x27404
 .debug_macro   0x0000000000000000      0x32e Core/Src/main.o
 .debug_macro   0x000000000000032e      0xa5a Core/Src/main.o
 .debug_macro   0x0000000000000d88      0x189 Core/Src/main.o
 .debug_macro   0x0000000000000f11       0x2e Core/Src/main.o
 .debug_macro   0x0000000000000f3f       0x3b Core/Src/main.o
 .debug_macro   0x0000000000000f7a       0x22 Core/Src/main.o
 .debug_macro   0x0000000000000f9c       0x8e Core/Src/main.o
 .debug_macro   0x000000000000102a       0x51 Core/Src/main.o
 .debug_macro   0x000000000000107b       0xef Core/Src/main.o
 .debug_macro   0x000000000000116a       0x6a Core/Src/main.o
 .debug_macro   0x00000000000011d4      0x1df Core/Src/main.o
 .debug_macro   0x00000000000013b3       0x1c Core/Src/main.o
 .debug_macro   0x00000000000013cf       0x22 Core/Src/main.o
 .debug_macro   0x00000000000013f1       0xdf Core/Src/main.o
 .debug_macro   0x00000000000014d0     0x12cd Core/Src/main.o
 .debug_macro   0x000000000000279d      0x11f Core/Src/main.o
 .debug_macro   0x00000000000028bc       0x19 Core/Src/main.o
 .debug_macro   0x00000000000028d5    0x1882d Core/Src/main.o
 .debug_macro   0x000000000001b102       0x43 Core/Src/main.o
 .debug_macro   0x000000000001b145     0x363d Core/Src/main.o
 .debug_macro   0x000000000001e782      0x174 Core/Src/main.o
 .debug_macro   0x000000000001e8f6       0x61 Core/Src/main.o
 .debug_macro   0x000000000001e957     0x18ad Core/Src/main.o
 .debug_macro   0x0000000000020204      0x6c4 Core/Src/main.o
 .debug_macro   0x00000000000208c8      0x103 Core/Src/main.o
 .debug_macro   0x00000000000209cb      0x117 Core/Src/main.o
 .debug_macro   0x0000000000020ae2      0x1fe Core/Src/main.o
 .debug_macro   0x0000000000020ce0       0x27 Core/Src/main.o
 .debug_macro   0x0000000000020d07      0x24f Core/Src/main.o
 .debug_macro   0x0000000000020f56       0x41 Core/Src/main.o
 .debug_macro   0x0000000000020f97       0x58 Core/Src/main.o
 .debug_macro   0x0000000000020fef      0x236 Core/Src/main.o
 .debug_macro   0x0000000000021225      0x14f Core/Src/main.o
 .debug_macro   0x0000000000021374      0x25b Core/Src/main.o
 .debug_macro   0x00000000000215cf       0x12 Core/Src/main.o
 .debug_macro   0x00000000000215e1      0x514 Core/Src/main.o
 .debug_macro   0x0000000000021af5      0x22c Core/Src/main.o
 .debug_macro   0x0000000000021d21       0x5a Core/Src/main.o
 .debug_macro   0x0000000000021d7b       0xa5 Core/Src/main.o
 .debug_macro   0x0000000000021e20      0x12f Core/Src/main.o
 .debug_macro   0x0000000000021f4f      0x108 Core/Src/main.o
 .debug_macro   0x0000000000022057       0x35 Core/Src/main.o
 .debug_macro   0x000000000002208c      0x757 Core/Src/main.o
 .debug_macro   0x00000000000227e3      0x19f Core/Src/main.o
 .debug_macro   0x0000000000022982      0x14e Core/Src/main.o
 .debug_macro   0x0000000000022ad0      0x8f3 Core/Src/main.o
 .debug_macro   0x00000000000233c3       0x1c Core/Src/main.o
 .debug_macro   0x00000000000233df       0x3a Core/Src/main.o
 .debug_macro   0x0000000000023419       0xe5 Core/Src/main.o
 .debug_macro   0x00000000000234fe       0x18 Core/Src/main.o
 .debug_macro   0x0000000000023516       0x46 Core/Src/main.o
 .debug_macro   0x000000000002355c       0x3c Core/Src/main.o
 .debug_macro   0x0000000000023598       0x34 Core/Src/main.o
 .debug_macro   0x00000000000235cc       0x16 Core/Src/main.o
 .debug_macro   0x00000000000235e2       0x35 Core/Src/main.o
 .debug_macro   0x0000000000023617       0x52 Core/Src/main.o
 .debug_macro   0x0000000000023669       0x1f Core/Src/main.o
 .debug_macro   0x0000000000023688       0x43 Core/Src/main.o
 .debug_macro   0x00000000000236cb       0x20 Core/Src/main.o
 .debug_macro   0x00000000000236eb      0x1a3 Core/Src/main.o
 .debug_macro   0x000000000002388e      0x32a Core/Src/main.o
 .debug_macro   0x0000000000023bb8       0x16 Core/Src/main.o
 .debug_macro   0x0000000000023bce       0x29 Core/Src/main.o
 .debug_macro   0x0000000000023bf7       0x12 Core/Src/main.o
 .debug_macro   0x0000000000023c09       0xe2 Core/Src/main.o
 .debug_macro   0x0000000000023ceb       0x8e Core/Src/main.o
 .debug_macro   0x0000000000023d79      0x1fe Core/Src/stm32f7xx_hal_msp.o
 .debug_macro   0x0000000000023f77      0x208 Core/Src/stm32f7xx_it.o
 .debug_macro   0x000000000002417f      0x1f5 Core/Src/system_stm32f7xx.o
 .debug_macro   0x0000000000024374      0x213 Drivers/STM32F7xx_HAL_Driver/Src/stm32f7xx_hal.o
 .debug_macro   0x0000000000024587      0x1ef Drivers/STM32F7xx_HAL_Driver/Src/stm32f7xx_hal_cortex.o
 .debug_macro   0x0000000000024776      0x1f5 Drivers/STM32F7xx_HAL_Driver/Src/stm32f7xx_hal_dma.o
 .debug_macro   0x000000000002496b      0x225 Drivers/STM32F7xx_HAL_Driver/Src/stm32f7xx_hal_gpio.o
 .debug_macro   0x0000000000024b90      0x20d Drivers/STM32F7xx_HAL_Driver/Src/stm32f7xx_hal_pwr.o
 .debug_macro   0x0000000000024d9d      0x207 Drivers/STM32F7xx_HAL_Driver/Src/stm32f7xx_hal_pwr_ex.o
 .debug_macro   0x0000000000024fa4      0x213 Drivers/STM32F7xx_HAL_Driver/Src/stm32f7xx_hal_rcc.o
 .debug_macro   0x00000000000251b7      0x1ef Drivers/STM32F7xx_HAL_Driver/Src/stm32f7xx_hal_rcc_ex.o
 .debug_macro   0x00000000000253a6      0x1f0 Drivers/STM32F7xx_HAL_Driver/Src/stm32f7xx_hal_sd.o
 .debug_macro   0x0000000000025596      0x1ef Drivers/STM32F7xx_HAL_Driver/Src/stm32f7xx_hal_sdram.o
 .debug_macro   0x0000000000025785      0x1ef Drivers/STM32F7xx_HAL_Driver/Src/stm32f7xx_ll_fmc.o
 .debug_macro   0x0000000000025974      0x1f0 Drivers/STM32F7xx_HAL_Driver/Src/stm32f7xx_ll_sdmmc.o
 .debug_macro   0x0000000000025b64      0x32e FATFS/App/fatfs.o
 .debug_macro   0x0000000000025e92      0x207 FATFS/Target/bsp_driver_sd.o
 .debug_macro   0x0000000000026099      0x1f8 FATFS/Target/fatfs_platform.o
 .debug_macro   0x0000000000026291      0x331 FATFS/Target/sd_diskio.o
 .debug_macro   0x00000000000265c2       0x16 FATFS/Target/sd_diskio.o
 .debug_macro   0x00000000000265d8       0x7c FATFS/Target/sd_diskio.o
 .debug_macro   0x0000000000026654      0x31b Middlewares/Third_Party/FatFs/src/diskio.o
 .debug_macro   0x000000000002696f      0x722 Middlewares/Third_Party/FatFs/src/ff.o
 .debug_macro   0x0000000000027091       0x58 Middlewares/Third_Party/FatFs/src/ff.o
 .debug_macro   0x00000000000270e9      0x31b Middlewares/Third_Party/FatFs/src/ff_gen_drv.o

.debug_line     0x0000000000000000     0xe9d4
 .debug_line    0x0000000000000000      0xc38 Core/Src/main.o
 .debug_line    0x0000000000000c38      0x7ce Core/Src/stm32f7xx_hal_msp.o
 .debug_line    0x0000000000001406      0x7bf Core/Src/stm32f7xx_it.o
 .debug_line    0x0000000000001bc5      0x704 Core/Src/system_stm32f7xx.o
 .debug_line    0x00000000000022c9       0x86 Core/Startup/startup_stm32f746nghx.o
 .debug_line    0x000000000000234f      0x90a Drivers/STM32F7xx_HAL_Driver/Src/stm32f7xx_hal.o
 .debug_line    0x0000000000002c59      0xa0e Drivers/STM32F7xx_HAL_Driver/Src/stm32f7xx_hal_cortex.o
 .debug_line    0x0000000000003667      0x9b9 Drivers/STM32F7xx_HAL_Driver/Src/stm32f7xx_hal_dma.o
 .debug_line    0x0000000000004020      0x8f2 Drivers/STM32F7xx_HAL_Driver/Src/stm32f7xx_hal_gpio.o
 .debug_line    0x0000000000004912      0x852 Drivers/STM32F7xx_HAL_Driver/Src/stm32f7xx_hal_pwr.o
 .debug_line    0x0000000000005164      0x82e Drivers/STM32F7xx_HAL_Driver/Src/stm32f7xx_hal_pwr_ex.o
 .debug_line    0x0000000000005992      0x96e Drivers/STM32F7xx_HAL_Driver/Src/stm32f7xx_hal_rcc.o
 .debug_line    0x0000000000006300      0x8f5 Drivers/STM32F7xx_HAL_Driver/Src/stm32f7xx_hal_rcc_ex.o
 .debug_line    0x0000000000006bf5      0xed9 Drivers/STM32F7xx_HAL_Driver/Src/stm32f7xx_hal_sd.o
 .debug_line    0x0000000000007ace      0xa41 Drivers/STM32F7xx_HAL_Driver/Src/stm32f7xx_hal_sdram.o
 .debug_line    0x000000000000850f      0x995 Drivers/STM32F7xx_HAL_Driver/Src/stm32f7xx_ll_fmc.o
 .debug_line    0x0000000000008ea4      0xb5e Drivers/STM32F7xx_HAL_Driver/Src/stm32f7xx_ll_sdmmc.o
 .debug_line    0x0000000000009a02      0x8e2 FATFS/App/fatfs.o
 .debug_line    0x000000000000a2e4      0x821 FATFS/Target/bsp_driver_sd.o
 .debug_line    0x000000000000ab05      0x6f1 FATFS/Target/fatfs_platform.o
 .debug_line    0x000000000000b1f6      0x951 FATFS/Target/sd_diskio.o
 .debug_line    0x000000000000bb47      0x90e Middlewares/Third_Party/FatFs/src/diskio.o
 .debug_line    0x000000000000c455     0x1c73 Middlewares/Third_Party/FatFs/src/ff.o
 .debug_line    0x000000000000e0c8      0x90c Middlewares/Third_Party/FatFs/src/ff_gen_drv.o

.debug_str      0x0000000000000000    0xe85d0
 .debug_str     0x0000000000000000    0xe48df Core/Src/main.o
                                      0xe51cc (size before relaxing)
 .debug_str     0x00000000000e48df       0xb6 Core/Src/stm32f7xx_hal_msp.o
                                      0xe109d (size before relaxing)
 .debug_str     0x00000000000e4995       0xfc Core/Src/stm32f7xx_it.o
                                      0xe072e (size before relaxing)
 .debug_str     0x00000000000e4a91       0x70 Core/Src/system_stm32f7xx.o
                                      0xde2e9 (size before relaxing)
 .debug_str     0x00000000000e4b01       0x36 Core/Startup/startup_stm32f746nghx.o
                                         0x70 (size before relaxing)
 .debug_str     0x00000000000e4b37      0x3a2 Drivers/STM32F7xx_HAL_Driver/Src/stm32f7xx_hal.o
                                      0xdebb6 (size before relaxing)
 .debug_str     0x00000000000e4ed9      0x305 Drivers/STM32F7xx_HAL_Driver/Src/stm32f7xx_hal_cortex.o
                                      0xdec42 (size before relaxing)
 .debug_str     0x00000000000e51de      0x328 Drivers/STM32F7xx_HAL_Driver/Src/stm32f7xx_hal_dma.o
                                      0xde623 (size before relaxing)
 .debug_str     0x00000000000e5506      0x249 Drivers/STM32F7xx_HAL_Driver/Src/stm32f7xx_hal_gpio.o
                                      0xde4bf (size before relaxing)
 .debug_str     0x00000000000e574f      0x2c5 Drivers/STM32F7xx_HAL_Driver/Src/stm32f7xx_hal_pwr.o
                                      0xde5a1 (size before relaxing)
 .debug_str     0x00000000000e5a14      0x1bd Drivers/STM32F7xx_HAL_Driver/Src/stm32f7xx_hal_pwr_ex.o
                                      0xde563 (size before relaxing)
 .debug_str     0x00000000000e5bd1      0x24a Drivers/STM32F7xx_HAL_Driver/Src/stm32f7xx_hal_rcc.o
                                      0xde5f9 (size before relaxing)
 .debug_str     0x00000000000e5e1b      0x161 Drivers/STM32F7xx_HAL_Driver/Src/stm32f7xx_hal_rcc_ex.o
                                      0xde58e (size before relaxing)
 .debug_str     0x00000000000e5f7c      0x76d Drivers/STM32F7xx_HAL_Driver/Src/stm32f7xx_hal_sd.o
                                      0xded82 (size before relaxing)
 .debug_str     0x00000000000e66e9      0x25f Drivers/STM32F7xx_HAL_Driver/Src/stm32f7xx_hal_sdram.o
                                      0xde7f7 (size before relaxing)
 .debug_str     0x00000000000e6948      0x477 Drivers/STM32F7xx_HAL_Driver/Src/stm32f7xx_ll_fmc.o
                                      0xde747 (size before relaxing)
 .debug_str     0x00000000000e6dbf      0x445 Drivers/STM32F7xx_HAL_Driver/Src/stm32f7xx_ll_sdmmc.o
                                      0xde67f (size before relaxing)
 .debug_str     0x00000000000e7204       0x2f FATFS/App/fatfs.o
                                      0xe3b70 (size before relaxing)
 .debug_str     0x00000000000e7233      0x154 FATFS/Target/bsp_driver_sd.o
                                      0xde8f9 (size before relaxing)
 .debug_str     0x00000000000e7387       0x38 FATFS/Target/fatfs_platform.o
                                      0xde152 (size before relaxing)
 .debug_str     0x00000000000e73bf       0xa0 FATFS/Target/sd_diskio.o
                                      0xe3b5d (size before relaxing)
 .debug_str     0x00000000000e745f       0x57 Middlewares/Third_Party/FatFs/src/diskio.o
                                      0xe3a9c (size before relaxing)
 .debug_str     0x00000000000e74b6     0x1078 Middlewares/Third_Party/FatFs/src/ff.o
                                      0xe4cc1 (size before relaxing)
 .debug_str     0x00000000000e852e       0xa2 Middlewares/Third_Party/FatFs/src/ff_gen_drv.o
                                      0xe3aed (size before relaxing)

.comment        0x0000000000000000       0x7b
 .comment       0x0000000000000000       0x7b Core/Src/main.o
                                         0x7c (size before relaxing)
 .comment       0x000000000000007b       0x7c Core/Src/stm32f7xx_hal_msp.o
 .comment       0x000000000000007b       0x7c Core/Src/stm32f7xx_it.o
 .comment       0x000000000000007b       0x7c Core/Src/system_stm32f7xx.o
 .comment       0x000000000000007b       0x7c Drivers/STM32F7xx_HAL_Driver/Src/stm32f7xx_hal.o
 .comment       0x000000000000007b       0x7c Drivers/STM32F7xx_HAL_Driver/Src/stm32f7xx_hal_cortex.o
 .comment       0x000000000000007b       0x7c Drivers/STM32F7xx_HAL_Driver/Src/stm32f7xx_hal_dma.o
 .comment       0x000000000000007b       0x7c Drivers/STM32F7xx_HAL_Driver/Src/stm32f7xx_hal_gpio.o
 .comment       0x000000000000007b       0x7c Drivers/STM32F7xx_HAL_Driver/Src/stm32f7xx_hal_pwr.o
 .comment       0x000000000000007b       0x7c Drivers/STM32F7xx_HAL_Driver/Src/stm32f7xx_hal_pwr_ex.o
 .comment       0x000000000000007b       0x7c Drivers/STM32F7xx_HAL_Driver/Src/stm32f7xx_hal_rcc.o
 .comment       0x000000000000007b       0x7c Drivers/STM32F7xx_HAL_Driver/Src/stm32f7xx_hal_rcc_ex.o
 .comment       0x000000000000007b       0x7c Drivers/STM32F7xx_HAL_Driver/Src/stm32f7xx_hal_sd.o
 .comment       0x000000000000007b       0x7c Drivers/STM32F7xx_HAL_Driver/Src/stm32f7xx_hal_sdram.o
 .comment       0x000000000000007b       0x7c Drivers/STM32F7xx_HAL_Driver/Src/stm32f7xx_ll_fmc.o
 .comment       0x000000000000007b       0x7c Drivers/STM32F7xx_HAL_Driver/Src/stm32f7xx_ll_sdmmc.o
 .comment       0x000000000000007b       0x7c FATFS/App/fatfs.o
 .comment       0x000000000000007b       0x7c FATFS/Target/bsp_driver_sd.o
 .comment       0x000000000000007b       0x7c FATFS/Target/fatfs_platform.o
 .comment       0x000000000000007b       0x7c FATFS/Target/sd_diskio.o
 .comment       0x000000000000007b       0x7c Middlewares/Third_Party/FatFs/src/diskio.o
 .comment       0x000000000000007b       0x7c Middlewares/Third_Party/FatFs/src/ff.o
 .comment       0x000000000000007b       0x7c Middlewares/Third_Party/FatFs/src/ff_gen_drv.o

.debug_frame    0x0000000000000000     0x3a88
 .debug_frame   0x0000000000000000      0x18c Core/Src/main.o
 .debug_frame   0x000000000000018c      0x108 Core/Src/stm32f7xx_hal_msp.o
 .debug_frame   0x0000000000000294      0x160 Core/Src/stm32f7xx_it.o
 .debug_frame   0x00000000000003f4       0x58 Core/Src/system_stm32f7xx.o
 .debug_frame   0x000000000000044c      0x3b4 Drivers/STM32F7xx_HAL_Driver/Src/stm32f7xx_hal.o
 .debug_frame   0x0000000000000800      0x498 Drivers/STM32F7xx_HAL_Driver/Src/stm32f7xx_hal_cortex.o
 .debug_frame   0x0000000000000c98      0x250 Drivers/STM32F7xx_HAL_Driver/Src/stm32f7xx_hal_dma.o
 .debug_frame   0x0000000000000ee8      0x14c Drivers/STM32F7xx_HAL_Driver/Src/stm32f7xx_hal_gpio.o
 .debug_frame   0x0000000000001034      0x254 Drivers/STM32F7xx_HAL_Driver/Src/stm32f7xx_hal_pwr.o
 .debug_frame   0x0000000000001288      0x1c8 Drivers/STM32F7xx_HAL_Driver/Src/stm32f7xx_hal_pwr_ex.o
 .debug_frame   0x0000000000001450      0x1f4 Drivers/STM32F7xx_HAL_Driver/Src/stm32f7xx_hal_rcc.o
 .debug_frame   0x0000000000001644      0x118 Drivers/STM32F7xx_HAL_Driver/Src/stm32f7xx_hal_rcc_ex.o
 .debug_frame   0x000000000000175c      0x658 Drivers/STM32F7xx_HAL_Driver/Src/stm32f7xx_hal_sd.o
 .debug_frame   0x0000000000001db4      0x37c Drivers/STM32F7xx_HAL_Driver/Src/stm32f7xx_hal_sdram.o
 .debug_frame   0x0000000000002130      0x37c Drivers/STM32F7xx_HAL_Driver/Src/stm32f7xx_ll_fmc.o
 .debug_frame   0x00000000000024ac      0x690 Drivers/STM32F7xx_HAL_Driver/Src/stm32f7xx_ll_sdmmc.o
 .debug_frame   0x0000000000002b3c       0x4c FATFS/App/fatfs.o
 .debug_frame   0x0000000000002b88      0x238 FATFS/Target/bsp_driver_sd.o
 .debug_frame   0x0000000000002dc0       0x34 FATFS/Target/fatfs_platform.o
 .debug_frame   0x0000000000002df4       0xe8 FATFS/Target/sd_diskio.o
 .debug_frame   0x0000000000002edc       0xec Middlewares/Third_Party/FatFs/src/diskio.o
 .debug_frame   0x0000000000002fc8      0x94c Middlewares/Third_Party/FatFs/src/ff.o
 .debug_frame   0x0000000000003914       0xc8 Middlewares/Third_Party/FatFs/src/ff_gen_drv.o
 .debug_frame   0x00000000000039dc       0x2c c:/st/stm32cubeide_1.2.0/stm32cubeide/plugins/com.st.stm32cube.ide.mcu.externaltools.gnu-tools-for-stm32.7-2018-q2-update.win32_1.0.0.201904181610/tools/bin/../lib/gcc/arm-none-eabi/7.3.1/../../../../arm-none-eabi/lib/thumb/v7e-m/fpv4-sp/hard\libc_nano.a(lib_a-init.o)
 .debug_frame   0x0000000000003a08       0x20 c:/st/stm32cubeide_1.2.0/stm32cubeide/plugins/com.st.stm32cube.ide.mcu.externaltools.gnu-tools-for-stm32.7-2018-q2-update.win32_1.0.0.201904181610/tools/bin/../lib/gcc/arm-none-eabi/7.3.1/../../../../arm-none-eabi/lib/thumb/v7e-m/fpv4-sp/hard\libc_nano.a(lib_a-memset.o)
 .debug_frame   0x0000000000003a28       0x2c c:/st/stm32cubeide_1.2.0/stm32cubeide/plugins/com.st.stm32cube.ide.mcu.externaltools.gnu-tools-for-stm32.7-2018-q2-update.win32_1.0.0.201904181610/tools/bin/../lib/gcc/arm-none-eabi/7.3.1/thumb/v7e-m/fpv4-sp/hard\libgcc.a(_aeabi_uldivmod.o)
 .debug_frame   0x0000000000003a54       0x34 c:/st/stm32cubeide_1.2.0/stm32cubeide/plugins/com.st.stm32cube.ide.mcu.externaltools.gnu-tools-for-stm32.7-2018-q2-update.win32_1.0.0.201904181610/tools/bin/../lib/gcc/arm-none-eabi/7.3.1/thumb/v7e-m/fpv4-sp/hard\libgcc.a(_udivmoddi4.o)
